Archive member included to satisfy reference by file (symbol)

C:/ST/STM32CubeIDE_1.18.1/STM32CubeIDE/plugins/com.st.stm32cube.ide.mcu.externaltools.gnu-tools-for-stm32.13.3.rel1.win32_1.0.0.202411081344/tools/bin/../lib/gcc/arm-none-eabi/13.3.1/../../../../arm-none-eabi/lib/thumb/v7e-m+dp/hard\libstdc++_nano.a(del_ops.o)
                              ./App/app_main.o (operator delete(void*, unsigned int))
C:/ST/STM32CubeIDE_1.18.1/STM32CubeIDE/plugins/com.st.stm32cube.ide.mcu.externaltools.gnu-tools-for-stm32.13.3.rel1.win32_1.0.0.202411081344/tools/bin/../lib/gcc/arm-none-eabi/13.3.1/../../../../arm-none-eabi/lib/thumb/v7e-m+dp/hard\libstdc++_nano.a(del_op.o)
                              C:/ST/STM32CubeIDE_1.18.1/STM32CubeIDE/plugins/com.st.stm32cube.ide.mcu.externaltools.gnu-tools-for-stm32.13.3.rel1.win32_1.0.0.202411081344/tools/bin/../lib/gcc/arm-none-eabi/13.3.1/../../../../arm-none-eabi/lib/thumb/v7e-m+dp/hard\libstdc++_nano.a(del_ops.o) (operator delete(void*))
C:/ST/STM32CubeIDE_1.18.1/STM32CubeIDE/plugins/com.st.stm32cube.ide.mcu.externaltools.gnu-tools-for-stm32.13.3.rel1.win32_1.0.0.202411081344/tools/bin/../lib/gcc/arm-none-eabi/13.3.1/../../../../arm-none-eabi/lib/thumb/v7e-m+dp/hard\libc_nano.a(libc_a-exit.o)
                              C:/ST/STM32CubeIDE_1.18.1/STM32CubeIDE/plugins/com.st.stm32cube.ide.mcu.externaltools.gnu-tools-for-stm32.13.3.rel1.win32_1.0.0.202411081344/tools/bin/../lib/gcc/arm-none-eabi/13.3.1/../../../../arm-none-eabi/lib/thumb/v7e-m+dp/hard/crt0.o (exit)
C:/ST/STM32CubeIDE_1.18.1/STM32CubeIDE/plugins/com.st.stm32cube.ide.mcu.externaltools.gnu-tools-for-stm32.13.3.rel1.win32_1.0.0.202411081344/tools/bin/../lib/gcc/arm-none-eabi/13.3.1/../../../../arm-none-eabi/lib/thumb/v7e-m+dp/hard\libc_nano.a(libc_a-malloc.o)
                              C:/ST/STM32CubeIDE_1.18.1/STM32CubeIDE/plugins/com.st.stm32cube.ide.mcu.externaltools.gnu-tools-for-stm32.13.3.rel1.win32_1.0.0.202411081344/tools/bin/../lib/gcc/arm-none-eabi/13.3.1/../../../../arm-none-eabi/lib/thumb/v7e-m+dp/hard\libstdc++_nano.a(del_op.o) (free)
C:/ST/STM32CubeIDE_1.18.1/STM32CubeIDE/plugins/com.st.stm32cube.ide.mcu.externaltools.gnu-tools-for-stm32.13.3.rel1.win32_1.0.0.202411081344/tools/bin/../lib/gcc/arm-none-eabi/13.3.1/../../../../arm-none-eabi/lib/thumb/v7e-m+dp/hard\libc_nano.a(libc_a-mallocr.o)
                              C:/ST/STM32CubeIDE_1.18.1/STM32CubeIDE/plugins/com.st.stm32cube.ide.mcu.externaltools.gnu-tools-for-stm32.13.3.rel1.win32_1.0.0.202411081344/tools/bin/../lib/gcc/arm-none-eabi/13.3.1/../../../../arm-none-eabi/lib/thumb/v7e-m+dp/hard\libc_nano.a(libc_a-malloc.o) (_malloc_r)
C:/ST/STM32CubeIDE_1.18.1/STM32CubeIDE/plugins/com.st.stm32cube.ide.mcu.externaltools.gnu-tools-for-stm32.13.3.rel1.win32_1.0.0.202411081344/tools/bin/../lib/gcc/arm-none-eabi/13.3.1/../../../../arm-none-eabi/lib/thumb/v7e-m+dp/hard\libc_nano.a(libc_a-mlock.o)
                              C:/ST/STM32CubeIDE_1.18.1/STM32CubeIDE/plugins/com.st.stm32cube.ide.mcu.externaltools.gnu-tools-for-stm32.13.3.rel1.win32_1.0.0.202411081344/tools/bin/../lib/gcc/arm-none-eabi/13.3.1/../../../../arm-none-eabi/lib/thumb/v7e-m+dp/hard\libc_nano.a(libc_a-mallocr.o) (__malloc_lock)
C:/ST/STM32CubeIDE_1.18.1/STM32CubeIDE/plugins/com.st.stm32cube.ide.mcu.externaltools.gnu-tools-for-stm32.13.3.rel1.win32_1.0.0.202411081344/tools/bin/../lib/gcc/arm-none-eabi/13.3.1/../../../../arm-none-eabi/lib/thumb/v7e-m+dp/hard\libc_nano.a(libc_a-findfp.o)
                              C:/ST/STM32CubeIDE_1.18.1/STM32CubeIDE/plugins/com.st.stm32cube.ide.mcu.externaltools.gnu-tools-for-stm32.13.3.rel1.win32_1.0.0.202411081344/tools/bin/../lib/gcc/arm-none-eabi/13.3.1/../../../../arm-none-eabi/lib/thumb/v7e-m+dp/hard\libc_nano.a(libc_a-exit.o) (__stdio_exit_handler)
C:/ST/STM32CubeIDE_1.18.1/STM32CubeIDE/plugins/com.st.stm32cube.ide.mcu.externaltools.gnu-tools-for-stm32.13.3.rel1.win32_1.0.0.202411081344/tools/bin/../lib/gcc/arm-none-eabi/13.3.1/../../../../arm-none-eabi/lib/thumb/v7e-m+dp/hard\libc_nano.a(libc_a-fwalk.o)
                              C:/ST/STM32CubeIDE_1.18.1/STM32CubeIDE/plugins/com.st.stm32cube.ide.mcu.externaltools.gnu-tools-for-stm32.13.3.rel1.win32_1.0.0.202411081344/tools/bin/../lib/gcc/arm-none-eabi/13.3.1/../../../../arm-none-eabi/lib/thumb/v7e-m+dp/hard\libc_nano.a(libc_a-findfp.o) (_fwalk_sglue)
C:/ST/STM32CubeIDE_1.18.1/STM32CubeIDE/plugins/com.st.stm32cube.ide.mcu.externaltools.gnu-tools-for-stm32.13.3.rel1.win32_1.0.0.202411081344/tools/bin/../lib/gcc/arm-none-eabi/13.3.1/../../../../arm-none-eabi/lib/thumb/v7e-m+dp/hard\libc_nano.a(libc_a-stdio.o)
                              C:/ST/STM32CubeIDE_1.18.1/STM32CubeIDE/plugins/com.st.stm32cube.ide.mcu.externaltools.gnu-tools-for-stm32.13.3.rel1.win32_1.0.0.202411081344/tools/bin/../lib/gcc/arm-none-eabi/13.3.1/../../../../arm-none-eabi/lib/thumb/v7e-m+dp/hard\libc_nano.a(libc_a-findfp.o) (__sread)
[...]
Memory Configuration

Name             Origin             Length             Attributes
RAM_D1           0x24000000         0x00080000         xrw
FLASH            0x08000000         0x00100000         xr
DTCMRAM          0x20000000         0x00020000         xrw
RAM_D2           0x30000000         0x00048000         xrw
RAM_D3           0x38000000         0x00010000         xrw
ITCMRAM          0x00000000         0x00010000         xrw
*default*        0x00000000         0xffffffff

Linker script and memory map

LOAD C:/ST/STM32CubeIDE_1.18.1/STM32CubeIDE/plugins/com.st.stm32cube.ide.mcu.externaltools.gnu-tools-for-stm32.13.3.rel1.win32_1.0.0.202411081344/tools/bin/../lib/gcc/arm-none-eabi/13.3.1/thumb/v7e-m+dp/hard/crti.o
LOAD C:/ST/STM32CubeIDE_1.18.1/STM32CubeIDE/plugins/com.st.stm32cube.ide.mcu.externaltools.gnu-tools-for-stm32.13.3.rel1.win32_1.0.0.202411081344/tools/bin/../lib/gcc/arm-none-eabi/13.3.1/thumb/v7e-m+dp/hard/crtbegin.o
LOAD C:/ST/STM32CubeIDE_1.18.1/STM32CubeIDE/plugins/com.st.stm32cube.ide.mcu.externaltools.gnu-tools-for-stm32.13.3.rel1.win32_1.0.0.202411081344/tools/bin/../lib/gcc/arm-none-eabi/13.3.1/../../../../arm-none-eabi/lib/thumb/v7e-m+dp/hard/crt0.o
LOAD ./App/app_main.o
LOAD ./Common/Src/system_stm32h7xx_dualcore_boot_cm4_cm7.o
LOAD ./Core/Src/main.o
LOAD ./Core/Src/stm32h7xx_hal_msp.o
LOAD ./Core/Src/stm32h7xx_it.o
LOAD ./Core/Src/syscalls.o
LOAD ./Core/Src/sysmem.o
LOAD ./Core/Startup/startup_stm32h747xihx.o
LOAD ./Drivers/STM32H7xx_HAL_Driver/stm32h7xx_hal.o
LOAD ./Drivers/STM32H7xx_HAL_Driver/stm32h7xx_hal_cortex.o
LOAD ./Drivers/STM32H7xx_HAL_Driver/stm32h7xx_hal_dma.o
LOAD ./Drivers/STM32H7xx_HAL_Driver/stm32h7xx_hal_dma_ex.o
LOAD ./Drivers/STM32H7xx_HAL_Driver/stm32h7xx_hal_exti.o
LOAD ./Drivers/STM32H7xx_HAL_Driver/stm32h7xx_hal_flash.o
LOAD ./Drivers/STM32H7xx_HAL_Driver/stm32h7xx_hal_flash_ex.o
LOAD ./Drivers/STM32H7xx_HAL_Driver/stm32h7xx_hal_gpio.o
LOAD ./Drivers/STM32H7xx_HAL_Driver/stm32h7xx_hal_hsem.o
LOAD ./Drivers/STM32H7xx_HAL_Driver/stm32h7xx_hal_i2c.o
LOAD ./Drivers/STM32H7xx_HAL_Driver/stm32h7xx_hal_i2c_ex.o
LOAD ./Drivers/STM32H7xx_HAL_Driver/stm32h7xx_hal_mdma.o
LOAD ./Drivers/STM32H7xx_HAL_Driver/stm32h7xx_hal_pwr.o
LOAD ./Drivers/STM32H7xx_HAL_Driver/stm32h7xx_hal_pwr_ex.o
LOAD ./Drivers/STM32H7xx_HAL_Driver/stm32h7xx_hal_rcc.o
LOAD ./Drivers/STM32H7xx_HAL_Driver/stm32h7xx_hal_rcc_ex.o
LOAD ./Drivers/STM32H7xx_HAL_Driver/stm32h7xx_hal_uart.o
LOAD ./Drivers/STM32H7xx_HAL_Driver/stm32h7xx_hal_uart_ex.o
LOAD ./Flash/flash_driver.o
LOAD ./Uart/uart_driver.o
START GROUP
LOAD C:/ST/STM32CubeIDE_1.18.1/STM32CubeIDE/plugins/com.st.stm32cube.ide.mcu.externaltools.gnu-tools-for-stm32.13.3.rel1.win32_1.0.0.202411081344/tools/bin/../lib/gcc/arm-none-eabi/13.3.1/../../../../arm-none-eabi/lib/thumb/v7e-m+dp/hard\libstdc++_nano.a
LOAD C:/ST/STM32CubeIDE_1.18.1/STM32CubeIDE/plugins/com.st.stm32cube.ide.mcu.externaltools.gnu-tools-for-stm32.13.3.rel1.win32_1.0.0.202411081344/tools/bin/../lib/gcc/arm-none-eabi/13.3.1/../../../../arm-none-eabi/lib/thumb/v7e-m+dp/hard\libsupc++_nano.a
END GROUP
LOAD C:/ST/STM32CubeIDE_1.18.1/STM32CubeIDE/plugins/com.st.stm32cube.ide.mcu.externaltools.gnu-tools-for-stm32.13.3.rel1.win32_1.0.0.202411081344/tools/bin/../lib/gcc/arm-none-eabi/13.3.1/../../../../arm-none-eabi/lib/thumb/v7e-m+dp/hard\libstdc++_nano.a
LOAD C:/ST/STM32CubeIDE_1.18.1/STM32CubeIDE/plugins/com.st.stm32cube.ide.mcu.externaltools.gnu-tools-for-stm32.13.3.rel1.win32_1.0.0.202411081344/tools/bin/../lib/gcc/arm-none-eabi/13.3.1/../../../../arm-none-eabi/lib/thumb/v7e-m+dp/hard\libm.a
LOAD C:/ST/STM32CubeIDE_1.18.1/STM32CubeIDE/plugins/com.st.stm32cube.ide.mcu.externaltools.gnu-tools-for-stm32.13.3.rel1.win32_1.0.0.202411081344/tools/bin/../lib/gcc/arm-none-eabi/13.3.1/../../../../arm-none-eabi/lib/thumb/v7e-m+dp/hard\libc_nano.a
START GROUP
LOAD C:/ST/STM32CubeIDE_1.18.1/STM32CubeIDE/plugins/com.st.stm32cube.ide.mcu.externaltools.gnu-tools-for-stm32.13.3.rel1.win32_1.0.0.202411081344/tools/bin/../lib/gcc/arm-none-eabi/13.3.1/thumb/v7e-m+dp/hard\libgcc.a
LOAD C:/ST/STM32CubeIDE_1.18.1/STM32CubeIDE/plugins/com.st.stm32cube.ide.mcu.externaltools.gnu-tools-for-stm32.13.3.rel1.win32_1.0.0.202411081344/tools/bin/../lib/gcc/arm-none-eabi/13.3.1/../../../../arm-none-eabi/lib/thumb/v7e-m+dp/hard\libc_nano.a
END GROUP
START GROUP
LOAD C:/ST/STM32CubeIDE_1.18.1/STM32CubeIDE/plugins/com.st.stm32cube.ide.mcu.externaltools.gnu-tools-for-stm32.13.3.rel1.win32_1.0.0.202411081344/tools/bin/../lib/gcc/arm-none-eabi/13.3.1/thumb/v7e-m+dp/hard\libgcc.a
LOAD C:/ST/STM32CubeIDE_1.18.1/STM32CubeIDE/plugins/com.st.stm32cube.ide.mcu.externaltools.gnu-tools-for-stm32.13.3.rel1.win32_1.0.0.202411081344/tools/bin/../lib/gcc/arm-none-eabi/13.3.1/../../../../arm-none-eabi/lib/thumb/v7e-m+dp/hard\libc_nano.a
LOAD C:/ST/STM32CubeIDE_1.18.1/STM32CubeIDE/plugins/com.st.stm32cube.ide.mcu.externaltools.gnu-tools-for-stm32.13.3.rel1.win32_1.0.0.202411081344/tools/bin/../lib/gcc/arm-none-eabi/13.3.1/../../../../arm-none-eabi/lib/thumb/v7e-m+dp/hard\libnosys.a
END GROUP
START GROUP
LOAD C:/ST/STM32CubeIDE_1.18.1/STM32CubeIDE/plugins/com.st.stm32cube.ide.mcu.externaltools.gnu-tools-for-stm32.13.3.rel1.win32_1.0.0.202411081344/tools/bin/../lib/gcc/arm-none-eabi/13.3.1/thumb/v7e-m+dp/hard\libgcc.a
LOAD C:/ST/STM32CubeIDE_1.18.1/STM32CubeIDE/plugins/com.st.stm32cube.ide.mcu.externaltools.gnu-tools-for-stm32.13.3.rel1.win32_1.0.0.202411081344/tools/bin/../lib/gcc/arm-none-eabi/13.3.1/../../../../arm-none-eabi/lib/thumb/v7e-m+dp/hard\libc_nano.a
LOAD C:/ST/STM32CubeIDE_1.18.1/STM32CubeIDE/plugins/com.st.stm32cube.ide.mcu.externaltools.gnu-tools-for-stm32.13.3.rel1.win32_1.0.0.202411081344/tools/bin/../lib/gcc/arm-none-eabi/13.3.1/../../../../arm-none-eabi/lib/thumb/v7e-m+dp/hard\libnosys.a
END GROUP
LOAD C:/ST/STM32CubeIDE_1.18.1/STM32CubeIDE/plugins/com.st.stm32cube.ide.mcu.externaltools.gnu-tools-for-stm32.13.3.rel1.win32_1.0.0.202411081344/tools/bin/../lib/gcc/arm-none-eabi/13.3.1/thumb/v7e-m+dp/hard/crtend.o
LOAD C:/ST/STM32CubeIDE_1.18.1/STM32CubeIDE/plugins/com.st.stm32cube.ide.mcu.externaltools.gnu-tools-for-stm32.13.3.rel1.win32_1.0.0.202411081344/tools/bin/../lib/gcc/arm-none-eabi/13.3.1/thumb/v7e-m+dp/hard/crtn.o
                0x24080000                        _estack = (ORIGIN (RAM_D1) + LENGTH (RAM_D1))
                0x00000200                        _Min_Heap_Size = 0x200
                0x00000400                        _Min_Stack_Size = 0x400

.isr_vector     0x08000000      0x298
                0x08000000                        . = ALIGN (0x4)
 *(.isr_vector)
 .isr_vector    0x08000000      0x298 ./Core/Startup/startup_stm32h747xihx.o
                0x08000000                g_pfnVectors
                0x08000298                        . = ALIGN (0x4)

.text           0x08000298     0xb89c
                0x08000298                        . = ALIGN (0x4)
 *(.text)
 .text          0x08000298       0x40 C:/ST/STM32CubeIDE_1.18.1/STM32CubeIDE/plugins/com.st.stm32cube.ide.mcu.externaltools.gnu-tools-for-stm32.13.3.rel1.win32_1.0.0.202411081344/tools/bin/../lib/gcc/arm-none-eabi/13.3.1/thumb/v7e-m+dp/hard/crtbegin.o
 .text          0x080002d8       0x30 C:/ST/STM32CubeIDE_1.18.1/STM32CubeIDE/plugins/com.st.stm32cube.ide.mcu.externaltools.gnu-tools-for-stm32.13.3.rel1.win32_1.0.0.202411081344/tools/bin/../lib/gcc/arm-none-eabi/13.3.1/thumb/v7e-m+dp/hard\libgcc.a(_aeabi_uldivmod.o)
                0x080002d8                __aeabi_uldivmod
 .text          0x08000308      0x2f8 C:/ST/STM32CubeIDE_1.18.1/STM32CubeIDE/plugins/com.st.stm32cube.ide.mcu.externaltools.gnu-tools-for-stm32.13.3.rel1.win32_1.0.0.202411081344/tools/bin/../lib/gcc/arm-none-eabi/13.3.1/thumb/v7e-m+dp/hard\libgcc.a(_udivmoddi4.o)
                0x08000308                __udivmoddi4
 .text          0x08000600        0x4 C:/ST/STM32CubeIDE_1.18.1/STM32CubeIDE/plugins/com.st.stm32cube.ide.mcu.externaltools.gnu-tools-for-stm32.13.3.rel1.win32_1.0.0.202411081344/tools/bin/../lib/gcc/arm-none-eabi/13.3.1/thumb/v7e-m+dp/hard\libgcc.a(_dvmd_tls.o)
                0x08000600                __aeabi_idiv0
                0x08000600                __aeabi_ldiv0
 *(.text*)
 .text._ZNK11FlashDriver6isBusyEv
                0x08000604       0x1a ./App/app_main.o
                0x08000604                FlashDriver::isBusy() const
 *fill*         0x0800061e        0x2 
 .text._ZL20updateUartDebugStatev
                0x08000620       0x40 ./App/app_main.o
 .text._ZL17processUartPacketRK12BinaryPacket
                0x08000660      0x124 ./App/app_main.o
 .text.app_init
                0x08000784       0x8c ./App/app_main.o
                0x08000784                app_init
 .text.app_loop
                0x08000810      0x100 ./App/app_main.o
                0x08000810                app_loop
 .text._Z41__static_initialization_and_destruction_0v
                0x08000910       0x38 ./App/app_main.o
 .text._ZN11IUartDriverD2Ev
                0x08000948       0x20 ./App/app_main.o
                0x08000948                IUartDriver::~IUartDriver()
                0x08000948                IUartDriver::~IUartDriver()
 .text._ZN11IUartDriverD0Ev
                0x08000968       0x20 ./App/app_main.o
                0x08000968                IUartDriver::~IUartDriver()
 .text._ZN10UartDriverD2Ev
                0x08000988       0x24 ./App/app_main.o
                0x08000988                UartDriver::~UartDriver()
                0x08000988                UartDriver::~UartDriver()
 .text._ZN10UartDriverD0Ev
                0x080009ac       0x22 ./App/app_main.o
                0x080009ac                UartDriver::~UartDriver()
 *fill*         0x080009ce        0x2 
 .text._ZN12IFlashDriverD2Ev
                0x080009d0       0x20 ./App/app_main.o
                0x080009d0                IFlashDriver::~IFlashDriver()
                0x080009d0                IFlashDriver::~IFlashDriver()
 .text._ZN12IFlashDriverD0Ev
                0x080009f0       0x20 ./App/app_main.o
                0x080009f0                IFlashDriver::~IFlashDriver()
 .text._ZN11FlashDriverD2Ev
                0x08000a10       0x24 ./App/app_main.o
                0x08000a10                FlashDriver::~FlashDriver()
                0x08000a10                FlashDriver::~FlashDriver()
 .text._ZN11FlashDriverD0Ev
                0x08000a34       0x20 ./App/app_main.o
                0x08000a34                FlashDriver::~FlashDriver()
 .text._Z41__static_initialization_and_destruction_1v
                0x08000a54       0x1c ./App/app_main.o
 .text._GLOBAL__sub_I_g_flashDriver
                0x08000a70        0xa ./App/app_main.o
 .text._GLOBAL__sub_D_g_flashDriver
                0x08000a7a        0xa ./App/app_main.o
 .text.SystemInit
                0x08000a84      0x15c ./Common/Src/system_stm32h7xx_dualcore_boot_cm4_cm7.o
                0x08000a84                SystemInit
 .text.ExitRun0Mode
                0x08000be0       0x30 ./Common/Src/system_stm32h7xx_dualcore_boot_cm4_cm7.o
                0x08000be0                ExitRun0Mode
 .text.main     0x08000c10       0xa4 ./Core/Src/main.o
                0x08000c10                main
 .text.SystemClock_Config
                0x08000cb4       0xd8 ./Core/Src/main.o
                0x08000cb4                SystemClock_Config
 .text.MX_USART1_UART_Init
                0x08000d8c       0x98 ./Core/Src/main.o
 .text.MX_DMA_Init
                0x08000e24       0x40 ./Core/Src/main.o
 .text.MX_GPIO_Init
                0x08000e64       0x34 ./Core/Src/main.o
 .text.Error_Handler
                0x08000e98        0xc ./Core/Src/main.o
                0x08000e98                Error_Handler
 .text.HAL_MspInit
                0x08000ea4       0x40 ./Core/Src/stm32h7xx_hal_msp.o
                0x08000ea4                HAL_MspInit
 .text.HAL_UART_MspInit
                0x08000ee4      0x144 ./Core/Src/stm32h7xx_hal_msp.o
                0x08000ee4                HAL_UART_MspInit
 .text.NMI_Handler
                0x08001028        0x8 ./Core/Src/stm32h7xx_it.o
                0x08001028                NMI_Handler
 .text.HardFault_Handler
                0x08001030        0x8 ./Core/Src/stm32h7xx_it.o
                0x08001030                HardFault_Handler
 .text.MemManage_Handler
                0x08001038        0x8 ./Core/Src/stm32h7xx_it.o
                0x08001038                MemManage_Handler
 .text.BusFault_Handler
                0x08001040        0x8 ./Core/Src/stm32h7xx_it.o
                0x08001040                BusFault_Handler
 .text.UsageFault_Handler
                0x08001048        0x8 ./Core/Src/stm32h7xx_it.o
                0x08001048                UsageFault_Handler
 .text.SVC_Handler
                0x08001050        0xe ./Core/Src/stm32h7xx_it.o
                0x08001050                SVC_Handler
 .text.DebugMon_Handler
                0x0800105e        0xe ./Core/Src/stm32h7xx_it.o
                0x0800105e                DebugMon_Handler
 .text.PendSV_Handler
                0x0800106c        0xe ./Core/Src/stm32h7xx_it.o
                0x0800106c                PendSV_Handler
 .text.SysTick_Handler
                0x0800107a        0xc ./Core/Src/stm32h7xx_it.o
                0x0800107a                SysTick_Handler
 .text.FLASH_IRQHandler
                0x08001086        0xc ./Core/Src/stm32h7xx_it.o
                0x08001086                FLASH_IRQHandler
 *fill*         0x08001092        0x2 
 .text.DMA1_Stream0_IRQHandler
                0x08001094       0x14 ./Core/Src/stm32h7xx_it.o
                0x08001094                DMA1_Stream0_IRQHandler
 .text.USART1_IRQHandler
                0x080010a8       0x14 ./Core/Src/stm32h7xx_it.o
                0x080010a8                USART1_IRQHandler
 .text.Reset_Handler
                0x080010bc       0x54 ./Core/Startup/startup_stm32h747xihx.o
                0x080010bc                Reset_Handler
 .text.Default_Handler
                0x08001110        0x2 ./Core/Startup/startup_stm32h747xihx.o
                0x08001110                RTC_Alarm_IRQHandler
                0x08001110                EXTI2_IRQHandler
                0x08001110                TIM8_CC_IRQHandler
                0x08001110                HRTIM1_Master_IRQHandler
                0x08001110                UART8_IRQHandler
                0x08001110                SPI4_IRQHandler
                0x08001110                TIM1_CC_IRQHandler
                0x08001110                BDMA_Channel6_IRQHandler
                0x08001110                DMA2_Stream5_IRQHandler
                0x08001110                HRTIM1_FLT_IRQHandler
                0x08001110                JPEG_IRQHandler
                0x08001110                DMA1_Stream5_IRQHandler
                0x08001110                BDMA_Channel1_IRQHandler
                0x08001110                HRTIM1_TIMD_IRQHandler
                0x08001110                TAMP_STAMP_IRQHandler
                0x08001110                EXTI3_IRQHandler
                0x08001110                LPTIM4_IRQHandler
                0x08001110                TIM8_TRG_COM_TIM14_IRQHandler
                0x08001110                LPTIM2_IRQHandler
                0x08001110                DFSDM1_FLT1_IRQHandler
                0x08001110                DMAMUX2_OVR_IRQHandler
                0x08001110                TIM8_UP_TIM13_IRQHandler
                0x08001110                I2C3_ER_IRQHandler
                0x08001110                DFSDM1_FLT2_IRQHandler
                0x08001110                MDMA_IRQHandler
                0x08001110                LPTIM3_IRQHandler
                0x08001110                HSEM1_IRQHandler
                0x08001110                EXTI0_IRQHandler
                0x08001110                I2C2_EV_IRQHandler
                0x08001110                DMA1_Stream2_IRQHandler
                0x08001110                FPU_IRQHandler
                0x08001110                OTG_HS_WKUP_IRQHandler
                0x08001110                FDCAN1_IT1_IRQHandler
                0x08001110                LTDC_ER_IRQHandler
                0x08001110                DMA2_Stream2_IRQHandler
                0x08001110                HRTIM1_TIME_IRQHandler
                0x08001110                SPI1_IRQHandler
                0x08001110                TIM6_DAC_IRQHandler
                0x08001110                DCMI_IRQHandler
                0x08001110                HRTIM1_TIMC_IRQHandler
                0x08001110                DMA2_Stream3_IRQHandler
                0x08001110                SAI2_IRQHandler
                0x08001110                DFSDM1_FLT3_IRQHandler
                0x08001110                USART6_IRQHandler
                0x08001110                TIM17_IRQHandler
                0x08001110                USART3_IRQHandler
                0x08001110                BDMA_Channel7_IRQHandler
                0x08001110                LPTIM5_IRQHandler
                0x08001110                UART5_IRQHandler
                0x08001110                ADC3_IRQHandler
                0x08001110                DMA2_Stream0_IRQHandler
                0x08001110                TIM4_IRQHandler
                0x08001110                BDMA_Channel2_IRQHandler
                0x08001110                QUADSPI_IRQHandler
                0x08001110                I2C1_EV_IRQHandler
                0x08001110                DMA1_Stream6_IRQHandler
                0x08001110                DMAMUX1_OVR_IRQHandler
                0x08001110                DMA1_Stream1_IRQHandler
                0x08001110                TIM16_IRQHandler
                0x08001110                UART4_IRQHandler
                0x08001110                BDMA_Channel5_IRQHandler
                0x08001110                TIM3_IRQHandler
                0x08001110                RCC_IRQHandler
                0x08001110                TIM8_BRK_TIM12_IRQHandler
                0x08001110                TIM1_TRG_COM_IRQHandler
                0x08001110                Default_Handler
                0x08001110                ECC_IRQHandler
                0x08001110                CEC_IRQHandler
                0x08001110                EXTI15_10_IRQHandler
                0x08001110                BDMA_Channel0_IRQHandler
                0x08001110                ADC_IRQHandler
                0x08001110                DMA1_Stream7_IRQHandler
                0x08001110                HRTIM1_TIMA_IRQHandler
                0x08001110                SPI5_IRQHandler
                0x08001110                TIM7_IRQHandler
                0x08001110                SDMMC1_IRQHandler
                0x08001110                TIM5_IRQHandler
                0x08001110                DMA2_Stream7_IRQHandler
                0x08001110                TIM15_IRQHandler
                0x08001110                PVD_AVD_IRQHandler
                0x08001110                I2C3_EV_IRQHandler
                0x08001110                EXTI9_5_IRQHandler
                0x08001110                RTC_WKUP_IRQHandler
                0x08001110                LTDC_IRQHandler
                0x08001110                SAI3_IRQHandler
                0x08001110                ETH_WKUP_IRQHandler
                0x08001110                SPDIF_RX_IRQHandler
                0x08001110                SPI2_IRQHandler
                0x08001110                OTG_HS_EP1_IN_IRQHandler
                0x08001110                CRS_IRQHandler
                0x08001110                CM7_SEV_IRQHandler
                0x08001110                EXTI4_IRQHandler
                0x08001110                RNG_IRQHandler
                0x08001110                CM4_SEV_IRQHandler
                0x08001110                HRTIM1_TIMB_IRQHandler
                0x08001110                FDCAN2_IT1_IRQHandler
                0x08001110                DSI_IRQHandler
                0x08001110                ETH_IRQHandler
                0x08001110                TIM1_UP_IRQHandler
                0x08001110                WWDG_RST_IRQHandler
                0x08001110                BDMA_Channel4_IRQHandler
                0x08001110                OTG_HS_EP1_OUT_IRQHandler
                0x08001110                WWDG_IRQHandler
                0x08001110                SPI6_IRQHandler
                0x08001110                MDIOS_IRQHandler
                0x08001110                I2C4_EV_IRQHandler
                0x08001110                FDCAN2_IT0_IRQHandler
                0x08001110                LPUART1_IRQHandler
                0x08001110                FDCAN1_IT0_IRQHandler
                0x08001110                TIM2_IRQHandler
                0x08001110                OTG_FS_WKUP_IRQHandler
                0x08001110                OTG_HS_IRQHandler
                0x08001110                HSEM2_IRQHandler
                0x08001110                DMA2D_IRQHandler
                0x08001110                TIM1_BRK_IRQHandler
                0x08001110                EXTI1_IRQHandler
                0x08001110                SDMMC2_IRQHandler
                0x08001110                OTG_FS_EP1_OUT_IRQHandler
                0x08001110                BDMA_Channel3_IRQHandler
                0x08001110                HOLD_CORE_IRQHandler
                0x08001110                UART7_IRQHandler
                0x08001110                MDIOS_WKUP_IRQHandler
                0x08001110                USART2_IRQHandler
                0x08001110                DFSDM1_FLT0_IRQHandler
                0x08001110                SAI4_IRQHandler
                0x08001110                I2C2_ER_IRQHandler
                0x08001110                DMA2_Stream1_IRQHandler
                0x08001110                DMA2_Stream4_IRQHandler
                0x08001110                OTG_FS_IRQHandler
                0x08001110                SPI3_IRQHandler
                0x08001110                WAKEUP_PIN_IRQHandler
                0x08001110                DMA1_Stream4_IRQHandler
                0x08001110                OTG_FS_EP1_IN_IRQHandler
                0x08001110                I2C1_ER_IRQHandler
                0x08001110                FMC_IRQHandler
                0x08001110                FDCAN_CAL_IRQHandler
                0x08001110                SWPMI1_IRQHandler
                0x08001110                COMP1_IRQHandler
                0x08001110                LPTIM1_IRQHandler
                0x08001110                I2C4_ER_IRQHandler
                0x08001110                DMA2_Stream6_IRQHandler
                0x08001110                SAI1_IRQHandler
                0x08001110                DMA1_Stream3_IRQHandler
 *fill*         0x08001112        0x2 
 .text.HAL_Init
                0x08001114       0x78 ./Drivers/STM32H7xx_HAL_Driver/stm32h7xx_hal.o
                0x08001114                HAL_Init
 .text.HAL_InitTick
                0x0800118c       0x6c ./Drivers/STM32H7xx_HAL_Driver/stm32h7xx_hal.o
                0x0800118c                HAL_InitTick
 .text.HAL_IncTick
                0x080011f8       0x28 ./Drivers/STM32H7xx_HAL_Driver/stm32h7xx_hal.o
                0x080011f8                HAL_IncTick
 .text.HAL_GetTick
                0x08001220       0x18 ./Drivers/STM32H7xx_HAL_Driver/stm32h7xx_hal.o
                0x08001220                HAL_GetTick
 .text.HAL_GetREVID
                0x08001238       0x18 ./Drivers/STM32H7xx_HAL_Driver/stm32h7xx_hal.o
                0x08001238                HAL_GetREVID
 .text.__NVIC_SetPriorityGrouping
                0x08001250       0x48 ./Drivers/STM32H7xx_HAL_Driver/stm32h7xx_hal_cortex.o
 .text.__NVIC_GetPriorityGrouping
                0x08001298       0x1c ./Drivers/STM32H7xx_HAL_Driver/stm32h7xx_hal_cortex.o
 .text.__NVIC_EnableIRQ
                0x080012b4       0x3c ./Drivers/STM32H7xx_HAL_Driver/stm32h7xx_hal_cortex.o
 .text.__NVIC_SetPriority
                0x080012f0       0x54 ./Drivers/STM32H7xx_HAL_Driver/stm32h7xx_hal_cortex.o
 .text.NVIC_EncodePriority
                0x08001344       0x66 ./Drivers/STM32H7xx_HAL_Driver/stm32h7xx_hal_cortex.o
 *fill*         0x080013aa        0x2 
 .text.SysTick_Config
                0x080013ac       0x44 ./Drivers/STM32H7xx_HAL_Driver/stm32h7xx_hal_cortex.o
 .text.HAL_NVIC_SetPriorityGrouping
                0x080013f0       0x16 ./Drivers/STM32H7xx_HAL_Driver/stm32h7xx_hal_cortex.o
                0x080013f0                HAL_NVIC_SetPriorityGrouping
 .text.HAL_NVIC_SetPriority
                0x08001406       0x34 ./Drivers/STM32H7xx_HAL_Driver/stm32h7xx_hal_cortex.o
                0x08001406                HAL_NVIC_SetPriority
 .text.HAL_NVIC_EnableIRQ
                0x0800143a       0x1c ./Drivers/STM32H7xx_HAL_Driver/stm32h7xx_hal_cortex.o
                0x0800143a                HAL_NVIC_EnableIRQ
 .text.HAL_SYSTICK_Config
                0x08001456       0x18 ./Drivers/STM32H7xx_HAL_Driver/stm32h7xx_hal_cortex.o
                0x08001456                HAL_SYSTICK_Config
 *fill*         0x0800146e        0x2 
 .text.HAL_DMA_Init
                0x08001470      0x6b8 ./Drivers/STM32H7xx_HAL_Driver/stm32h7xx_hal_dma.o
                0x08001470                HAL_DMA_Init
 .text.HAL_DMA_Start_IT
                0x08001b28      0x4d4 ./Drivers/STM32H7xx_HAL_Driver/stm32h7xx_hal_dma.o
                0x08001b28                HAL_DMA_Start_IT
 .text.HAL_DMA_Abort
                0x08001ffc      0x63c ./Drivers/STM32H7xx_HAL_Driver/stm32h7xx_hal_dma.o
                0x08001ffc                HAL_DMA_Abort
 .text.HAL_DMA_Abort_IT
                0x08002638      0x48c ./Drivers/STM32H7xx_HAL_Driver/stm32h7xx_hal_dma.o
                0x08002638                HAL_DMA_Abort_IT
 .text.HAL_DMA_IRQHandler
                0x08002ac4      0xe54 ./Drivers/STM32H7xx_HAL_Driver/stm32h7xx_hal_dma.o
                0x08002ac4                HAL_DMA_IRQHandler
 .text.HAL_DMA_GetError
                0x08003918       0x18 ./Drivers/STM32H7xx_HAL_Driver/stm32h7xx_hal_dma.o
                0x08003918                HAL_DMA_GetError
 .text.DMA_SetConfig
                0x08003930      0x358 ./Drivers/STM32H7xx_HAL_Driver/stm32h7xx_hal_dma.o
 .text.DMA_CalcBaseAndBitshift
                0x08003c88      0x164 ./Drivers/STM32H7xx_HAL_Driver/stm32h7xx_hal_dma.o
 .text.DMA_CheckFifoParam
                0x08003dec       0xf8 ./Drivers/STM32H7xx_HAL_Driver/stm32h7xx_hal_dma.o
 .text.DMA_CalcDMAMUXChannelBaseAndMask
                0x08003ee4      0x134 ./Drivers/STM32H7xx_HAL_Driver/stm32h7xx_hal_dma.o
 .text.DMA_CalcDMAMUXRequestGenBaseAndMask
                0x08004018       0xe8 ./Drivers/STM32H7xx_HAL_Driver/stm32h7xx_hal_dma.o
 .text.HAL_FLASH_Program
                0x08004100      0x124 ./Drivers/STM32H7xx_HAL_Driver/stm32h7xx_hal_flash.o
                0x08004100                HAL_FLASH_Program
 .text.HAL_FLASH_Program_IT
                0x08004224      0x118 ./Drivers/STM32H7xx_HAL_Driver/stm32h7xx_hal_flash.o
                0x08004224                HAL_FLASH_Program_IT
 .text.HAL_FLASH_IRQHandler
                0x0800433c      0x2b4 ./Drivers/STM32H7xx_HAL_Driver/stm32h7xx_hal_flash.o
                0x0800433c                HAL_FLASH_IRQHandler
 .text.HAL_FLASH_Unlock
                0x080045f0       0x74 ./Drivers/STM32H7xx_HAL_Driver/stm32h7xx_hal_flash.o
                0x080045f0                HAL_FLASH_Unlock
 .text.HAL_FLASH_Lock
                0x08004664       0x54 ./Drivers/STM32H7xx_HAL_Driver/stm32h7xx_hal_flash.o
                0x08004664                HAL_FLASH_Lock
 .text.HAL_FLASH_GetError
                0x080046b8       0x18 ./Drivers/STM32H7xx_HAL_Driver/stm32h7xx_hal_flash.o
                0x080046b8                HAL_FLASH_GetError
 .text.FLASH_WaitForLastOperation
                0x080046d0      0x134 ./Drivers/STM32H7xx_HAL_Driver/stm32h7xx_hal_flash.o
                0x080046d0                FLASH_WaitForLastOperation
 .text.HAL_FLASHEx_Erase
                0x08004804      0x194 ./Drivers/STM32H7xx_HAL_Driver/stm32h7xx_hal_flash_ex.o
                0x08004804                HAL_FLASHEx_Erase
 .text.FLASH_MassErase
                0x08004998       0xd4 ./Drivers/STM32H7xx_HAL_Driver/stm32h7xx_hal_flash_ex.o
 .text.FLASH_Erase_Sector
                0x08004a6c       0x7c ./Drivers/STM32H7xx_HAL_Driver/stm32h7xx_hal_flash_ex.o
                0x08004a6c                FLASH_Erase_Sector
 .text.HAL_GPIO_Init
                0x08004ae8      0x360 ./Drivers/STM32H7xx_HAL_Driver/stm32h7xx_hal_gpio.o
                0x08004ae8                HAL_GPIO_Init
 .text.HAL_HSEM_FastTake
                0x08004e48       0x34 ./Drivers/STM32H7xx_HAL_Driver/stm32h7xx_hal_hsem.o
                0x08004e48                HAL_HSEM_FastTake
 .text.HAL_HSEM_Release
                0x08004e7c       0x28 ./Drivers/STM32H7xx_HAL_Driver/stm32h7xx_hal_hsem.o
                0x08004e7c                HAL_HSEM_Release
 .text.HAL_PWREx_ConfigSupply
                0x08004ea4       0xb4 ./Drivers/STM32H7xx_HAL_Driver/stm32h7xx_hal_pwr_ex.o
                0x08004ea4                HAL_PWREx_ConfigSupply
 .text.HAL_RCC_OscConfig
                0x08004f58      0x8b4 ./Drivers/STM32H7xx_HAL_Driver/stm32h7xx_hal_rcc.o
                0x08004f58                HAL_RCC_OscConfig
 .text.HAL_RCC_ClockConfig
                0x0800580c      0x36c ./Drivers/STM32H7xx_HAL_Driver/stm32h7xx_hal_rcc.o
                0x0800580c                HAL_RCC_ClockConfig
 .text.HAL_RCC_GetSysClockFreq
                0x08005b78      0x2f4 ./Drivers/STM32H7xx_HAL_Driver/stm32h7xx_hal_rcc.o
                0x08005b78                HAL_RCC_GetSysClockFreq
 .text.HAL_RCC_GetHCLKFreq
                0x08005e6c       0x60 ./Drivers/STM32H7xx_HAL_Driver/stm32h7xx_hal_rcc.o
                0x08005e6c                HAL_RCC_GetHCLKFreq
 .text.HAL_RCC_GetPCLK1Freq
                0x08005ecc       0x2c ./Drivers/STM32H7xx_HAL_Driver/stm32h7xx_hal_rcc.o
                0x08005ecc                HAL_RCC_GetPCLK1Freq
 .text.HAL_RCC_GetPCLK2Freq
                0x08005ef8       0x2c ./Drivers/STM32H7xx_HAL_Driver/stm32h7xx_hal_rcc.o
                0x08005ef8                HAL_RCC_GetPCLK2Freq
 .text.HAL_RCCEx_PeriphCLKConfig
                0x08005f24     0x1494 ./Drivers/STM32H7xx_HAL_Driver/stm32h7xx_hal_rcc_ex.o
                0x08005f24                HAL_RCCEx_PeriphCLKConfig
 .text.HAL_RCCEx_GetD3PCLK1Freq
                0x080073b8       0x2c ./Drivers/STM32H7xx_HAL_Driver/stm32h7xx_hal_rcc_ex.o
                0x080073b8                HAL_RCCEx_GetD3PCLK1Freq
 .text.HAL_RCCEx_GetPLL2ClockFreq
                0x080073e4      0x2a8 ./Drivers/STM32H7xx_HAL_Driver/stm32h7xx_hal_rcc_ex.o
                0x080073e4                HAL_RCCEx_GetPLL2ClockFreq
 .text.HAL_RCCEx_GetPLL3ClockFreq
                0x0800768c      0x2a8 ./Drivers/STM32H7xx_HAL_Driver/stm32h7xx_hal_rcc_ex.o
                0x0800768c                HAL_RCCEx_GetPLL3ClockFreq
 .text.RCCEx_PLL2_Config
                0x08007934      0x164 ./Drivers/STM32H7xx_HAL_Driver/stm32h7xx_hal_rcc_ex.o
 .text.RCCEx_PLL3_Config
                0x08007a98      0x164 ./Drivers/STM32H7xx_HAL_Driver/stm32h7xx_hal_rcc_ex.o
 .text.HAL_UART_Init
                0x08007bfc       0xa0 ./Drivers/STM32H7xx_HAL_Driver/stm32h7xx_hal_uart.o
                0x08007bfc                HAL_UART_Init
 .text.HAL_UART_Transmit
                0x08007c9c      0x11c ./Drivers/STM32H7xx_HAL_Driver/stm32h7xx_hal_uart.o
                0x08007c9c                HAL_UART_Transmit
 .text.HAL_UART_Receive
                0x08007db8      0x190 ./Drivers/STM32H7xx_HAL_Driver/stm32h7xx_hal_uart.o
                0x08007db8                HAL_UART_Receive
 .text.HAL_UART_Receive_IT
                0x08007f48       0x98 ./Drivers/STM32H7xx_HAL_Driver/stm32h7xx_hal_uart.o
                0x08007f48                HAL_UART_Receive_IT
 .text.HAL_UART_Transmit_DMA
                0x08007fe0      0x100 ./Drivers/STM32H7xx_HAL_Driver/stm32h7xx_hal_uart.o
                0x08007fe0                HAL_UART_Transmit_DMA
 .text.HAL_UART_AbortReceive
                0x080080e0      0x16c ./Drivers/STM32H7xx_HAL_Driver/stm32h7xx_hal_uart.o
                0x080080e0                HAL_UART_AbortReceive
 .text.HAL_UART_IRQHandler
                0x0800824c      0x7ac ./Drivers/STM32H7xx_HAL_Driver/stm32h7xx_hal_uart.o
                0x0800824c                HAL_UART_IRQHandler
 .text.HAL_UART_TxHalfCpltCallback
                0x080089f8       0x14 ./Drivers/STM32H7xx_HAL_Driver/stm32h7xx_hal_uart.o
                0x080089f8                HAL_UART_TxHalfCpltCallback
 .text.HAL_UARTEx_RxEventCallback
                0x08008a0c       0x18 ./Drivers/STM32H7xx_HAL_Driver/stm32h7xx_hal_uart.o
                0x08008a0c                HAL_UARTEx_RxEventCallback
 .text.UART_SetConfig
                0x08008a24      0xad0 ./Drivers/STM32H7xx_HAL_Driver/stm32h7xx_hal_uart.o
                0x08008a24                UART_SetConfig
 .text.UART_AdvFeatureConfig
                0x080094f4      0x144 ./Drivers/STM32H7xx_HAL_Driver/stm32h7xx_hal_uart.o
                0x080094f4                UART_AdvFeatureConfig
 .text.UART_CheckIdleState
                0x08009638      0x154 ./Drivers/STM32H7xx_HAL_Driver/stm32h7xx_hal_uart.o
                0x08009638                UART_CheckIdleState
 .text.UART_WaitOnFlagUntilTimeout
                0x0800978c       0xda ./Drivers/STM32H7xx_HAL_Driver/stm32h7xx_hal_uart.o
                0x0800978c                UART_WaitOnFlagUntilTimeout
 *fill*         0x08009866        0x2 
 .text.UART_Start_Receive_IT
                0x08009868      0x244 ./Drivers/STM32H7xx_HAL_Driver/stm32h7xx_hal_uart.o
                0x08009868                UART_Start_Receive_IT
 .text.UART_EndTxTransfer
                0x08009aac       0x82 ./Drivers/STM32H7xx_HAL_Driver/stm32h7xx_hal_uart.o
 *fill*         0x08009b2e        0x2 
 .text.UART_EndRxTransfer
                0x08009b30       0xcc ./Drivers/STM32H7xx_HAL_Driver/stm32h7xx_hal_uart.o
 .text.UART_DMATransmitCplt
                0x08009bfc       0x96 ./Drivers/STM32H7xx_HAL_Driver/stm32h7xx_hal_uart.o
 .text.UART_DMATxHalfCplt
                0x08009c92       0x1c ./Drivers/STM32H7xx_HAL_Driver/stm32h7xx_hal_uart.o
 .text.UART_DMAError
                0x08009cae       0x80 ./Drivers/STM32H7xx_HAL_Driver/stm32h7xx_hal_uart.o
 .text.UART_DMAAbortOnError
                0x08009d2e       0x24 ./Drivers/STM32H7xx_HAL_Driver/stm32h7xx_hal_uart.o
 .text.UART_EndTransmit_IT
                0x08009d52       0x56 ./Drivers/STM32H7xx_HAL_Driver/stm32h7xx_hal_uart.o
 .text.UART_RxISR_8BIT
                0x08009da8      0x1b8 ./Drivers/STM32H7xx_HAL_Driver/stm32h7xx_hal_uart.o
 .text.UART_RxISR_16BIT
                0x08009f60      0x1b8 ./Drivers/STM32H7xx_HAL_Driver/stm32h7xx_hal_uart.o
 .text.UART_RxISR_8BIT_FIFOEN
                0x0800a118      0x364 ./Drivers/STM32H7xx_HAL_Driver/stm32h7xx_hal_uart.o
 .text.UART_RxISR_16BIT_FIFOEN
                0x0800a47c      0x36c ./Drivers/STM32H7xx_HAL_Driver/stm32h7xx_hal_uart.o
 .text.HAL_UARTEx_WakeupCallback
                0x0800a7e8       0x14 ./Drivers/STM32H7xx_HAL_Driver/stm32h7xx_hal_uart_ex.o
                0x0800a7e8                HAL_UARTEx_WakeupCallback
 .text.HAL_UARTEx_RxFifoFullCallback
                0x0800a7fc       0x14 ./Drivers/STM32H7xx_HAL_Driver/stm32h7xx_hal_uart_ex.o
                0x0800a7fc                HAL_UARTEx_RxFifoFullCallback
 .text.HAL_UARTEx_TxFifoEmptyCallback
                0x0800a810       0x14 ./Drivers/STM32H7xx_HAL_Driver/stm32h7xx_hal_uart_ex.o
                0x0800a810                HAL_UARTEx_TxFifoEmptyCallback
 .text.HAL_UARTEx_DisableFifoMode
                0x0800a824       0x72 ./Drivers/STM32H7xx_HAL_Driver/stm32h7xx_hal_uart_ex.o
                0x0800a824                HAL_UARTEx_DisableFifoMode
 .text.HAL_UARTEx_SetTxFifoThreshold
                0x0800a896       0x7c ./Drivers/STM32H7xx_HAL_Driver/stm32h7xx_hal_uart_ex.o
                0x0800a896                HAL_UARTEx_SetTxFifoThreshold
 .text.HAL_UARTEx_SetRxFifoThreshold
                0x0800a912       0x7c ./Drivers/STM32H7xx_HAL_Driver/stm32h7xx_hal_uart_ex.o
                0x0800a912                HAL_UARTEx_SetRxFifoThreshold
 *fill*         0x0800a98e        0x2 
 .text.UARTEx_SetNbDataToProcess
                0x0800a990       0x9c ./Drivers/STM32H7xx_HAL_Driver/stm32h7xx_hal_uart_ex.o
 .text._ZN12IFlashDriverC2Ev
                0x0800aa2c       0x20 ./Flash/flash_driver.o
                0x0800aa2c                IFlashDriver::IFlashDriver()
                0x0800aa2c                IFlashDriver::IFlashDriver()
 .text._ZN11FlashDriverC2Emmmj
                0x0800aa4c       0x80 ./Flash/flash_driver.o
                0x0800aa4c                FlashDriver::FlashDriver(unsigned long, unsigned long, unsigned long, unsigned int)
                0x0800aa4c                FlashDriver::FlashDriver(unsigned long, unsigned long, unsigned long, unsigned int)
 .text._ZN11FlashDriver4initEv
                0x0800aacc       0x5e ./Flash/flash_driver.o
                0x0800aacc                FlashDriver::init()
 .text._ZN11FlashDriver6deinitEv
                0x0800ab2a       0x30 ./Flash/flash_driver.o
                0x0800ab2a                FlashDriver::deinit()
 .text._ZN11FlashDriver5eraseEv
                0x0800ab5a       0x18 ./Flash/flash_driver.o
                0x0800ab5a                FlashDriver::erase()
 *fill*         0x0800ab72        0x2 
 .text._ZN11FlashDriver13eraseBlockingEv
                0x0800ab74       0x9c ./Flash/flash_driver.o
                0x0800ab74                FlashDriver::eraseBlocking()
 .text._ZN11FlashDriver5writeEmPKhj
                0x0800ac10       0x24 ./Flash/flash_driver.o
                0x0800ac10                FlashDriver::write(unsigned long, unsigned char const*, unsigned int)
 .text._ZN11FlashDriver13writeBlockingEmPKhj
                0x0800ac34       0xf2 ./Flash/flash_driver.o
                0x0800ac34                FlashDriver::writeBlocking(unsigned long, unsigned char const*, unsigned int)
 *fill*         0x0800ad26        0x2 
 .text._ZN11FlashDriver19programWordBlockingEmPKh
                0x0800ad28       0x6c ./Flash/flash_driver.o
                0x0800ad28                FlashDriver::programWordBlocking(unsigned long, unsigned char const*)
 .text._ZN11FlashDriver13programWordITEmPKh
                0x0800ad94       0x6c ./Flash/flash_driver.o
                0x0800ad94                FlashDriver::programWordIT(unsigned long, unsigned char const*)
 .text._ZN11FlashDriver19onOperationCompleteEv
                0x0800ae00       0x38 ./Flash/flash_driver.o
                0x0800ae00                FlashDriver::onOperationComplete()
 .text._ZN11FlashDriver7processEv
                0x0800ae38       0xe8 ./Flash/flash_driver.o
                0x0800ae38                FlashDriver::process()
 .text._ZNK11FlashDriver4readEmPhj
                0x0800af20       0x64 ./Flash/flash_driver.o
                0x0800af20                FlashDriver::read(unsigned long, unsigned char*, unsigned int) const
 .text._ZNK11FlashDriver8isErasedEmj
                0x0800af84       0x58 ./Flash/flash_driver.o
                0x0800af84                FlashDriver::isErased(unsigned long, unsigned int) const
 .text._ZNK11FlashDriver18isFlashWordAlignedEm
                0x0800afdc       0x26 ./Flash/flash_driver.o
                0x0800afdc                FlashDriver::isFlashWordAligned(unsigned long) const
 .text._ZNK11FlashDriver12isRangeValidEmj
                0x0800b002       0x7c ./Flash/flash_driver.o
                0x0800b002                FlashDriver::isRangeValid(unsigned long, unsigned int) const
 .text._ZN11FlashDriver7onErrorEm
                0x0800b07e       0x36 ./Flash/flash_driver.o
                0x0800b07e                FlashDriver::onError(unsigned long)
 .text.HAL_FLASH_EndOfOperationCallback
                0x0800b0b4       0x1c ./Flash/flash_driver.o
                0x0800b0b4                HAL_FLASH_EndOfOperationCallback
 .text.HAL_FLASH_OperationErrorCallback
                0x0800b0d0       0x24 ./Flash/flash_driver.o
                0x0800b0d0                HAL_FLASH_OperationErrorCallback
 .text._ZN14ProtocolParser8pushByteEh
                0x0800b0f4      0x20c ./Uart/uart_driver.o
                0x0800b0f4                ProtocolParser::pushByte(unsigned char)
 .text._ZN14ProtocolParser9getPacketER12BinaryPacket
                0x0800b300       0x40 ./Uart/uart_driver.o
                0x0800b300                ProtocolParser::getPacket(BinaryPacket&)
 .text._ZNK14ProtocolParser16hasChecksumErrorEv
                0x0800b340       0x1a ./Uart/uart_driver.o
                0x0800b340                ProtocolParser::hasChecksumError() const
 .text._ZN14ProtocolParser18clearChecksumErrorEv
                0x0800b35a       0x1c ./Uart/uart_driver.o
                0x0800b35a                ProtocolParser::clearChecksumError()
 .text._ZN14ProtocolParser5resetEv
                0x0800b376       0x26 ./Uart/uart_driver.o
                0x0800b376                ProtocolParser::reset()
 .text._ZN14ProtocolParser17resetWorkingStateEv
                0x0800b39c       0x3c ./Uart/uart_driver.o
                0x0800b39c                ProtocolParser::resetWorkingState()
 .text._ZN14ProtocolParserC2Ev
                0x0800b3d8       0x5c ./Uart/uart_driver.o
                0x0800b3d8                ProtocolParser::ProtocolParser()
                0x0800b3d8                ProtocolParser::ProtocolParser()
 .text._ZN11IUartDriverC2Ev
                0x0800b434       0x20 ./Uart/uart_driver.o
                0x0800b434                IUartDriver::IUartDriver()
                0x0800b434                IUartDriver::IUartDriver()
 .text._ZN10UartDriverC2EP20__UART_HandleTypeDef
                0x0800b454       0x74 ./Uart/uart_driver.o
                0x0800b454                UartDriver::UartDriver(__UART_HandleTypeDef*)
                0x0800b454                UartDriver::UartDriver(__UART_HandleTypeDef*)
 .text._ZN10UartDriver4initEv
                0x0800b4c8       0x40 ./Uart/uart_driver.o
                0x0800b4c8                UartDriver::init()
 .text._ZN10UartDriver6deinitEv
                0x0800b508       0x2a ./Uart/uart_driver.o
                0x0800b508                UartDriver::deinit()
 .text._ZN10UartDriver14startReceiveITEv
                0x0800b532       0x30 ./Uart/uart_driver.o
                0x0800b532                UartDriver::startReceiveIT()
 .text._ZN10UartDriver16onRxByteReceivedEv
                0x0800b562       0x2a ./Uart/uart_driver.o
                0x0800b562                UartDriver::onRxByteReceived()
 .text._ZN10UartDriver10appendDataEPKhj
                0x0800b58c       0x8c ./Uart/uart_driver.o
                0x0800b58c                UartDriver::appendData(unsigned char const*, unsigned int)
 .text._ZN10UartDriver8readDataEPhj
                0x0800b618       0xb0 ./Uart/uart_driver.o
                0x0800b618                UartDriver::readData(unsigned char*, unsigned int)
 .text._ZNK10UartDriver21getAvailableDataCountEv
                0x0800b6c8       0x18 ./Uart/uart_driver.o
                0x0800b6c8                UartDriver::getAvailableDataCount() const
 .text._ZNK10UartDriver12getFreeSpaceEv
                0x0800b6e0       0x1c ./Uart/uart_driver.o
                0x0800b6e0                UartDriver::getFreeSpace() const
 .text._ZN10UartDriver5clearEv
                0x0800b6fc       0x42 ./Uart/uart_driver.o
                0x0800b6fc                UartDriver::clear()
 .text._ZNK10UartDriver10isOverflowEv
                0x0800b73e       0x1a ./Uart/uart_driver.o
                0x0800b73e                UartDriver::isOverflow() const
 .text._ZN10UartDriver17getReceivedPacketER12BinaryPacket
                0x0800b758       0x20 ./Uart/uart_driver.o
                0x0800b758                UartDriver::getReceivedPacket(BinaryPacket&)
 .text._ZNK10UartDriver24hasProtocolChecksumErrorEv
                0x0800b778       0x1c ./Uart/uart_driver.o
                0x0800b778                UartDriver::hasProtocolChecksumError() const
 .text._ZN10UartDriver26clearProtocolChecksumErrorEv
                0x0800b794       0x1a ./Uart/uart_driver.o
                0x0800b794                UartDriver::clearProtocolChecksumError()
 .text._ZNK10UartDriver8isTxBusyEv
                0x0800b7ae       0x1a ./Uart/uart_driver.o
                0x0800b7ae                UartDriver::isTxBusy() const
 .text._ZN10UartDriver4sendEPKhj
                0x0800b7c8       0x50 ./Uart/uart_driver.o
                0x0800b7c8                UartDriver::send(unsigned char const*, unsigned int)
 .text._ZN10UartDriver7sendDMAEPKhj
                0x0800b818       0x72 ./Uart/uart_driver.o
                0x0800b818                UartDriver::sendDMA(unsigned char const*, unsigned int)
 .text._ZN10UartDriver7receiveEPhjm
                0x0800b88a       0x50 ./Uart/uart_driver.o
                0x0800b88a                UartDriver::receive(unsigned char*, unsigned int, unsigned long)
 .text._ZN10UartDriver7onErrorEv
                0x0800b8da       0x3e ./Uart/uart_driver.o
                0x0800b8da                UartDriver::onError()
 .text._ZN10UartDriver12onTxCompleteEv
                0x0800b918       0x1a ./Uart/uart_driver.o
                0x0800b918                UartDriver::onTxComplete()
 *fill*         0x0800b932        0x2 
 .text.HAL_UART_RxCpltCallback
                0x0800b934       0x28 ./Uart/uart_driver.o
                0x0800b934                HAL_UART_RxCpltCallback
 .text.HAL_UART_ErrorCallback
                0x0800b95c       0x28 ./Uart/uart_driver.o
                0x0800b95c                HAL_UART_ErrorCallback
 .text.HAL_UART_TxCpltCallback
                0x0800b984       0x28 ./Uart/uart_driver.o
                0x0800b984                HAL_UART_TxCpltCallback
 .text._ZdlPvj  0x0800b9ac        0x4 C:/ST/STM32CubeIDE_1.18.1/STM32CubeIDE/plugins/com.st.stm32cube.ide.mcu.externaltools.gnu-tools-for-stm32.13.3.rel1.win32_1.0.0.202411081344/tools/bin/../lib/gcc/arm-none-eabi/13.3.1/../../../../arm-none-eabi/lib/thumb/v7e-m+dp/hard\libstdc++_nano.a(del_ops.o)
                0x0800b9ac                operator delete(void*, unsigned int)
 .text._ZdlPv   0x0800b9b0        0x4 C:/ST/STM32CubeIDE_1.18.1/STM32CubeIDE/plugins/com.st.stm32cube.ide.mcu.externaltools.gnu-tools-for-stm32.13.3.rel1.win32_1.0.0.202411081344/tools/bin/../lib/gcc/arm-none-eabi/13.3.1/../../../../arm-none-eabi/lib/thumb/v7e-m+dp/hard\libstdc++_nano.a(del_op.o)
                0x0800b9b0                operator delete(void*)
 .text.free     0x0800b9b4       0x10 C:/ST/STM32CubeIDE_1.18.1/STM32CubeIDE/plugins/com.st.stm32cube.ide.mcu.externaltools.gnu-tools-for-stm32.13.3.rel1.win32_1.0.0.202411081344/tools/bin/../lib/gcc/arm-none-eabi/13.3.1/../../../../arm-none-eabi/lib/thumb/v7e-m+dp/hard\libc_nano.a(libc_a-malloc.o)
                0x0800b9b4                free
 .text.__malloc_lock
                0x0800b9c4        0xc C:/ST/STM32CubeIDE_1.18.1/STM32CubeIDE/plugins/com.st.stm32cube.ide.mcu.externaltools.gnu-tools-for-stm32.13.3.rel1.win32_1.0.0.202411081344/tools/bin/../lib/gcc/arm-none-eabi/13.3.1/../../../../arm-none-eabi/lib/thumb/v7e-m+dp/hard\libc_nano.a(libc_a-mlock.o)
                0x0800b9c4                __malloc_lock
 .text.__malloc_unlock
                0x0800b9d0        0xc C:/ST/STM32CubeIDE_1.18.1/STM32CubeIDE/plugins/com.st.stm32cube.ide.mcu.externaltools.gnu-tools-for-stm32.13.3.rel1.win32_1.0.0.202411081344/tools/bin/../lib/gcc/arm-none-eabi/13.3.1/../../../../arm-none-eabi/lib/thumb/v7e-m+dp/hard\libc_nano.a(libc_a-mlock.o)
                0x0800b9d0                __malloc_unlock
 .text.memmove  0x0800b9dc       0x34 C:/ST/STM32CubeIDE_1.18.1/STM32CubeIDE/plugins/com.st.stm32cube.ide.mcu.externaltools.gnu-tools-for-stm32.13.3.rel1.win32_1.0.0.202411081344/tools/bin/../lib/gcc/arm-none-eabi/13.3.1/../../../../arm-none-eabi/lib/thumb/v7e-m+dp/hard\libc_nano.a(libc_a-memmove.o)
                0x0800b9dc                memmove
 .text.memset   0x0800ba10       0x10 C:/ST/STM32CubeIDE_1.18.1/STM32CubeIDE/plugins/com.st.stm32cube.ide.mcu.externaltools.gnu-tools-for-stm32.13.3.rel1.win32_1.0.0.202411081344/tools/bin/../lib/gcc/arm-none-eabi/13.3.1/../../../../arm-none-eabi/lib/thumb/v7e-m+dp/hard\libc_nano.a(libc_a-memset.o)
                0x0800ba10                memset
 .text.__libc_init_array
                0x0800ba20       0x48 C:/ST/STM32CubeIDE_1.18.1/STM32CubeIDE/plugins/com.st.stm32cube.ide.mcu.externaltools.gnu-tools-for-stm32.13.3.rel1.win32_1.0.0.202411081344/tools/bin/../lib/gcc/arm-none-eabi/13.3.1/../../../../arm-none-eabi/lib/thumb/v7e-m+dp/hard\libc_nano.a(libc_a-init.o)
                0x0800ba20                __libc_init_array
 .text.__retarget_lock_acquire_recursive
                0x0800ba68        0x2 C:/ST/STM32CubeIDE_1.18.1/STM32CubeIDE/plugins/com.st.stm32cube.ide.mcu.externaltools.gnu-tools-for-stm32.13.3.rel1.win32_1.0.0.202411081344/tools/bin/../lib/gcc/arm-none-eabi/13.3.1/../../../../arm-none-eabi/lib/thumb/v7e-m+dp/hard\libc_nano.a(libc_a-lock.o)
                0x0800ba68                __retarget_lock_acquire_recursive
 .text.__retarget_lock_release_recursive
                0x0800ba6a        0x2 C:/ST/STM32CubeIDE_1.18.1/STM32CubeIDE/plugins/com.st.stm32cube.ide.mcu.externaltools.gnu-tools-for-stm32.13.3.rel1.win32_1.0.0.202411081344/tools/bin/../lib/gcc/arm-none-eabi/13.3.1/../../../../arm-none-eabi/lib/thumb/v7e-m+dp/hard\libc_nano.a(libc_a-lock.o)
                0x0800ba6a                __retarget_lock_release_recursive
 .text.memcpy   0x0800ba6c       0x1c C:/ST/STM32CubeIDE_1.18.1/STM32CubeIDE/plugins/com.st.stm32cube.ide.mcu.externaltools.gnu-tools-for-stm32.13.3.rel1.win32_1.0.0.202411081344/tools/bin/../lib/gcc/arm-none-eabi/13.3.1/../../../../arm-none-eabi/lib/thumb/v7e-m+dp/hard\libc_nano.a(libc_a-memcpy-stub.o)
                0x0800ba6c                memcpy
 .text._free_r  0x0800ba88       0x94 C:/ST/STM32CubeIDE_1.18.1/STM32CubeIDE/plugins/com.st.stm32cube.ide.mcu.externaltools.gnu-tools-for-stm32.13.3.rel1.win32_1.0.0.202411081344/tools/bin/../lib/gcc/arm-none-eabi/13.3.1/../../../../arm-none-eabi/lib/thumb/v7e-m+dp/hard\libc_nano.a(libc_a-freer.o)
                0x0800ba88                _free_r
 *(.glue_7)
 .glue_7        0x0800bb1c        0x0 linker stubs
 *(.glue_7t)
 .glue_7t       0x0800bb1c        0x0 linker stubs
 *(.eh_frame)
 .eh_frame      0x0800bb1c        0x0 C:/ST/STM32CubeIDE_1.18.1/STM32CubeIDE/plugins/com.st.stm32cube.ide.mcu.externaltools.gnu-tools-for-stm32.13.3.rel1.win32_1.0.0.202411081344/tools/bin/../lib/gcc/arm-none-eabi/13.3.1/thumb/v7e-m+dp/hard/crtbegin.o
 *(.init)
 .init          0x0800bb1c        0x4 C:/ST/STM32CubeIDE_1.18.1/STM32CubeIDE/plugins/com.st.stm32cube.ide.mcu.externaltools.gnu-tools-for-stm32.13.3.rel1.win32_1.0.0.202411081344/tools/bin/../lib/gcc/arm-none-eabi/13.3.1/thumb/v7e-m+dp/hard/crti.o
                0x0800bb1c                _init
 .init          0x0800bb20        0x8 C:/ST/STM32CubeIDE_1.18.1/STM32CubeIDE/plugins/com.st.stm32cube.ide.mcu.externaltools.gnu-tools-for-stm32.13.3.rel1.win32_1.0.0.202411081344/tools/bin/../lib/gcc/arm-none-eabi/13.3.1/thumb/v7e-m+dp/hard/crtn.o
 *(.fini)
 .fini          0x0800bb28        0x4 C:/ST/STM32CubeIDE_1.18.1/STM32CubeIDE/plugins/com.st.stm32cube.ide.mcu.externaltools.gnu-tools-for-stm32.13.3.rel1.win32_1.0.0.202411081344/tools/bin/../lib/gcc/arm-none-eabi/13.3.1/thumb/v7e-m+dp/hard/crti.o
                0x0800bb28                _fini
 .fini          0x0800bb2c        0x8 C:/ST/STM32CubeIDE_1.18.1/STM32CubeIDE/plugins/com.st.stm32cube.ide.mcu.externaltools.gnu-tools-for-stm32.13.3.rel1.win32_1.0.0.202411081344/tools/bin/../lib/gcc/arm-none-eabi/13.3.1/thumb/v7e-m+dp/hard/crtn.o
                0x0800bb34                        . = ALIGN (0x4)
                0x0800bb34                        _etext = .

.vfp11_veneer   0x0800bb34        0x0
 .vfp11_veneer  0x0800bb34        0x0 linker stubs

.v4_bx          0x0800bb34        0x0
 .v4_bx         0x0800bb34        0x0 linker stubs

.iplt           0x0800bb34        0x0
 .iplt          0x0800bb34        0x0 C:/ST/STM32CubeIDE_1.18.1/STM32CubeIDE/plugins/com.st.stm32cube.ide.mcu.externaltools.gnu-tools-for-stm32.13.3.rel1.win32_1.0.0.202411081344/tools/bin/../lib/gcc/arm-none-eabi/13.3.1/thumb/v7e-m+dp/hard/crtbegin.o

.rodata         0x0800bb34       0xd0
                0x0800bb34                        . = ALIGN (0x4)
 *(.rodata)
 *(.rodata*)
 .rodata._ZTV11IUartDriver
                0x0800bb34       0x24 ./App/app_main.o
                0x0800bb34                vtable for IUartDriver
 .rodata._ZTV12IFlashDriver
                0x0800bb58       0x24 ./App/app_main.o
                0x0800bb58                vtable for IFlashDriver
 .rodata.D1CorePrescTable
                0x0800bb7c       0x10 ./Common/Src/system_stm32h7xx_dualcore_boot_cm4_cm7.o
                0x0800bb7c                D1CorePrescTable
 .rodata.flagBitshiftOffset.0
                0x0800bb8c        0x8 ./Drivers/STM32H7xx_HAL_Driver/stm32h7xx_hal_dma.o
 .rodata.UARTPrescTable
                0x0800bb94       0x18 ./Drivers/STM32H7xx_HAL_Driver/stm32h7xx_hal_uart.o
                0x0800bb94                UARTPrescTable
 .rodata.numerator.1
                0x0800bbac        0x8 ./Drivers/STM32H7xx_HAL_Driver/stm32h7xx_hal_uart_ex.o
 .rodata.denominator.0
                0x0800bbb4        0x8 ./Drivers/STM32H7xx_HAL_Driver/stm32h7xx_hal_uart_ex.o
 .rodata._ZTV11FlashDriver
                0x0800bbbc       0x24 ./Flash/flash_driver.o
                0x0800bbbc                vtable for FlashDriver
 .rodata._ZTV10UartDriver
                0x0800bbe0       0x24 ./Uart/uart_driver.o
                0x0800bbe0                vtable for UartDriver
                0x0800bc04                        . = ALIGN (0x4)

.ARM.extab      0x0800bc04        0x0
                0x0800bc04                        . = ALIGN (0x4)
 *(.ARM.extab* .gnu.linkonce.armextab.*)
                0x0800bc04                        . = ALIGN (0x4)

.ARM            0x0800bc04        0x8
                0x0800bc04                        . = ALIGN (0x4)
                0x0800bc04                        __exidx_start = .
 *(.ARM.exidx*)
 .ARM.exidx     0x0800bc04        0x8 C:/ST/STM32CubeIDE_1.18.1/STM32CubeIDE/plugins/com.st.stm32cube.ide.mcu.externaltools.gnu-tools-for-stm32.13.3.rel1.win32_1.0.0.202411081344/tools/bin/../lib/gcc/arm-none-eabi/13.3.1/thumb/v7e-m+dp/hard\libgcc.a(_udivmoddi4.o)
                0x0800bc0c                        __exidx_end = .
                0x0800bc0c                        . = ALIGN (0x4)

.preinit_array  0x0800bc0c        0x0
                0x0800bc0c                        . = ALIGN (0x4)
                0x0800bc0c                        PROVIDE (__preinit_array_start = .)
 *(.preinit_array*)
                0x0800bc0c                        PROVIDE (__preinit_array_end = .)
                0x0800bc0c                        . = ALIGN (0x4)

.init_array     0x0800bc0c        0x8
                0x0800bc0c                        . = ALIGN (0x4)
                0x0800bc0c                        PROVIDE (__init_array_start = .)
 *(SORT_BY_NAME(.init_array.*))
 *(.init_array*)
 .init_array    0x0800bc0c        0x4 C:/ST/STM32CubeIDE_1.18.1/STM32CubeIDE/plugins/com.st.stm32cube.ide.mcu.externaltools.gnu-tools-for-stm32.13.3.rel1.win32_1.0.0.202411081344/tools/bin/../lib/gcc/arm-none-eabi/13.3.1/thumb/v7e-m+dp/hard/crtbegin.o
 .init_array    0x0800bc10        0x4 ./App/app_main.o
                0x0800bc14                        PROVIDE (__init_array_end = .)
                0x0800bc14                        . = ALIGN (0x4)

.fini_array     0x0800bc14        0x8
                0x0800bc14                        . = ALIGN (0x4)
                [!provide]                        PROVIDE (__fini_array_start = .)
 *(SORT_BY_NAME(.fini_array.*))
 *(.fini_array*)
 .fini_array    0x0800bc14        0x4 C:/ST/STM32CubeIDE_1.18.1/STM32CubeIDE/plugins/com.st.stm32cube.ide.mcu.externaltools.gnu-tools-for-stm32.13.3.rel1.win32_1.0.0.202411081344/tools/bin/../lib/gcc/arm-none-eabi/13.3.1/thumb/v7e-m+dp/hard/crtbegin.o
 .fini_array    0x0800bc18        0x4 ./App/app_main.o
                [!provide]                        PROVIDE (__fini_array_end = .)
                0x0800bc1c                        . = ALIGN (0x4)
                0x0800bc1c                        _sidata = LOADADDR (.data)

.rel.dyn        0x0800bc1c        0x0
 .rel.iplt      0x0800bc1c        0x0 C:/ST/STM32CubeIDE_1.18.1/STM32CubeIDE/plugins/com.st.stm32cube.ide.mcu.externaltools.gnu-tools-for-stm32.13.3.rel1.win32_1.0.0.202411081344/tools/bin/../lib/gcc/arm-none-eabi/13.3.1/thumb/v7e-m+dp/hard/crtbegin.o

.data           0x24000000       0xa0 load address 0x0800bc1c
                0x24000000                        . = ALIGN (0x4)
                0x24000000                        _sdata = .
 *(.data)
 *(.data*)
 .data.g_uartFreeSpace
                0x24000000        0x4 ./App/app_main.o
                0x24000000                g_uartFreeSpace
 *fill*         0x24000004       0x1c 
 .data.g_testWriteData
                0x24000020       0x20 ./App/app_main.o
                0x24000020                g_testWriteData
 .data.SystemCoreClock
                0x24000040        0x4 ./Common/Src/system_stm32h7xx_dualcore_boot_cm4_cm7.o
                0x24000040                SystemCoreClock
 .data.SystemD2Clock
                0x24000044        0x4 ./Common/Src/system_stm32h7xx_dualcore_boot_cm4_cm7.o
                0x24000044                SystemD2Clock
 .data.uwTickPrio
                0x24000048        0x4 ./Drivers/STM32H7xx_HAL_Driver/stm32h7xx_hal.o
                0x24000048                uwTickPrio
 .data.uwTickFreq
                0x2400004c        0x1 ./Drivers/STM32H7xx_HAL_Driver/stm32h7xx_hal.o
                0x2400004c                uwTickFreq
 *fill*         0x2400004d        0x3 
 .data._impure_ptr
                0x24000050        0x4 C:/ST/STM32CubeIDE_1.18.1/STM32CubeIDE/plugins/com.st.stm32cube.ide.mcu.externaltools.gnu-tools-for-stm32.13.3.rel1.win32_1.0.0.202411081344/tools/bin/../lib/gcc/arm-none-eabi/13.3.1/../../../../arm-none-eabi/lib/thumb/v7e-m+dp/hard\libc_nano.a(libc_a-impure.o)
                0x24000050                _impure_ptr
 .data._impure_data
                0x24000054       0x4c C:/ST/STM32CubeIDE_1.18.1/STM32CubeIDE/plugins/com.st.stm32cube.ide.mcu.externaltools.gnu-tools-for-stm32.13.3.rel1.win32_1.0.0.202411081344/tools/bin/../lib/gcc/arm-none-eabi/13.3.1/../../../../arm-none-eabi/lib/thumb/v7e-m+dp/hard\libc_nano.a(libc_a-impure.o)
                0x24000054                _impure_data
 *(.RamFunc)
 *(.RamFunc*)
                0x240000a0                        . = ALIGN (0x4)
                0x240000a0                        _edata = .

.igot.plt       0x240000a0        0x0 load address 0x0800bcbc
 .igot.plt      0x240000a0        0x0 C:/ST/STM32CubeIDE_1.18.1/STM32CubeIDE/plugins/com.st.stm32cube.ide.mcu.externaltools.gnu-tools-for-stm32.13.3.rel1.win32_1.0.0.202411081344/tools/bin/../lib/gcc/arm-none-eabi/13.3.1/thumb/v7e-m+dp/hard/crtbegin.o
                0x240000a0                        . = ALIGN (0x4)

.bss            0x240000a0      0x524 load address 0x0800bcbc
                0x240000a0                        _sbss = .
                0x240000a0                        __bss_start__ = _sbss
 *(.bss)
 .bss           0x240000a0       0x1c C:/ST/STM32CubeIDE_1.18.1/STM32CubeIDE/plugins/com.st.stm32cube.ide.mcu.externaltools.gnu-tools-for-stm32.13.3.rel1.win32_1.0.0.202411081344/tools/bin/../lib/gcc/arm-none-eabi/13.3.1/thumb/v7e-m+dp/hard/crtbegin.o
 *(.bss*)
 *fill*         0x240000bc        0x4 
 .bss.g_flashDriver
                0x240000c0       0x60 ./App/app_main.o
                0x240000c0                g_flashDriver
 .bss.g_uartDriver
                0x24000120      0x154 ./App/app_main.o
                0x24000120                g_uartDriver
 .bss._ZL13s_imuTestData
                0x24000274       0x46 ./App/app_main.o
 *fill*         0x240002ba        0x2 
 .bss._ZL13s_gpsTestData
                0x240002bc       0x1e ./App/app_main.o
 *fill*         0x240002da        0x2 
 .bss.g_uartAvailableCount
                0x240002dc        0x4 ./App/app_main.o
                0x240002dc                g_uartAvailableCount
 .bss.g_uartOverflow
                0x240002e0        0x1 ./App/app_main.o
                0x240002e0                g_uartOverflow
 .bss.g_lastCommandId
                0x240002e1        0x1 ./App/app_main.o
                0x240002e1                g_lastCommandId
 .bss.g_lastAppendSuccess
                0x240002e2        0x1 ./App/app_main.o
                0x240002e2                g_lastAppendSuccess
 .bss.g_lastReadSuccess
                0x240002e3        0x1 ./App/app_main.o
                0x240002e3                g_lastReadSuccess
 .bss.g_lastRequestedRead
                0x240002e4        0x1 ./App/app_main.o
                0x240002e4                g_lastRequestedRead
 .bss.g_checksumError
                0x240002e5        0x1 ./App/app_main.o
                0x240002e5                g_checksumError
 *fill*         0x240002e6        0x2 
 .bss.g_readOutBuffer
                0x240002e8       0x64 ./App/app_main.o
                0x240002e8                g_readOutBuffer
 .bss.g_triggerFlashErase
                0x2400034c        0x1 ./App/app_main.o
                0x2400034c                g_triggerFlashErase
 .bss.g_triggerFlashWrite
                0x2400034d        0x1 ./App/app_main.o
                0x2400034d                g_triggerFlashWrite
 *fill*         0x2400034e        0x2 
 .bss.g_dwtEraseCycles
                0x24000350        0x4 ./App/app_main.o
                0x24000350                g_dwtEraseCycles
 .bss.g_dwtWriteCycles
                0x24000354        0x4 ./App/app_main.o
                0x24000354                g_dwtWriteCycles
 .bss.huart1    0x24000358       0x94 ./Core/Src/main.o
                0x24000358                huart1
 .bss.hdma_usart1_tx
                0x240003ec       0x78 ./Core/Src/main.o
                0x240003ec                hdma_usart1_tx
 .bss.uwTick    0x24000464        0x4 ./Drivers/STM32H7xx_HAL_Driver/stm32h7xx_hal.o
                0x24000464                uwTick
 .bss.pFlash    0x24000468       0x1c ./Drivers/STM32H7xx_HAL_Driver/stm32h7xx_hal_flash.o
                0x24000468                pFlash
 .bss.__malloc_free_list
                0x24000484        0x4 C:/ST/STM32CubeIDE_1.18.1/STM32CubeIDE/plugins/com.st.stm32cube.ide.mcu.externaltools.gnu-tools-for-stm32.13.3.rel1.win32_1.0.0.202411081344/tools/bin/../lib/gcc/arm-none-eabi/13.3.1/../../../../arm-none-eabi/lib/thumb/v7e-m+dp/hard\libc_nano.a(libc_a-mallocr.o)
                0x24000484                __malloc_free_list
 .bss.__sf      0x24000488      0x138 C:/ST/STM32CubeIDE_1.18.1/STM32CubeIDE/plugins/com.st.stm32cube.ide.mcu.externaltools.gnu-tools-for-stm32.13.3.rel1.win32_1.0.0.202411081344/tools/bin/../lib/gcc/arm-none-eabi/13.3.1/../../../../arm-none-eabi/lib/thumb/v7e-m+dp/hard\libc_nano.a(libc_a-findfp.o)
                0x24000488                __sf
 .bss.__lock___malloc_recursive_mutex
                0x240005c0        0x1 C:/ST/STM32CubeIDE_1.18.1/STM32CubeIDE/plugins/com.st.stm32cube.ide.mcu.externaltools.gnu-tools-for-stm32.13.3.rel1.win32_1.0.0.202411081344/tools/bin/../lib/gcc/arm-none-eabi/13.3.1/../../../../arm-none-eabi/lib/thumb/v7e-m+dp/hard\libc_nano.a(libc_a-lock.o)
                0x240005c0                __lock___malloc_recursive_mutex
 *(COMMON)
                0x240005c4                        . = ALIGN (0x4)
 *fill*         0x240005c1        0x3 
                0x240005c4                        _ebss = .
                0x240005c4                        __bss_end__ = _ebss

._user_heap_stack
                0x240005c4      0x604 load address 0x0800bcbc
                0x240005c8                        . = ALIGN (0x8)
 *fill*         0x240005c4        0x4 
                [!provide]                        PROVIDE (end = .)
                0x240005c8                        PROVIDE (_end = .)
                0x240007c8                        . = (. + _Min_Heap_Size)
 *fill*         0x240005c8      0x200 
                0x24000bc8                        . = (. + _Min_Stack_Size)
 *fill*         0x240007c8      0x400 
                0x24000bc8                        . = ALIGN (0x8)

/DISCARD/
 libc.a(*)
 libm.a(*)
 libgcc.a(*)

.ARM.attributes
                0x00000000       0x2e
 *(.ARM.attributes)
 .ARM.attributes
                0x00000000       0x20 C:/ST/STM32CubeIDE_1.18.1/STM32CubeIDE/plugins/com.st.stm32cube.ide.mcu.externaltools.gnu-tools-for-stm32.13.3.rel1.win32_1.0.0.202411081344/tools/bin/../lib/gcc/arm-none-eabi/13.3.1/thumb/v7e-m+dp/hard/crti.o
 .ARM.attributes
                0x00000020       0x32 C:/ST/STM32CubeIDE_1.18.1/STM32CubeIDE/plugins/com.st.stm32cube.ide.mcu.externaltools.gnu-tools-for-stm32.13.3.rel1.win32_1.0.0.202411081344/tools/bin/../lib/gcc/arm-none-eabi/13.3.1/thumb/v7e-m+dp/hard/crtbegin.o
 .ARM.attributes
                0x00000052       0x32 ./App/app_main.o
 .ARM.attributes
                0x00000084       0x32 ./Common/Src/system_stm32h7xx_dualcore_boot_cm4_cm7.o
 .ARM.attributes
                0x000000b6       0x32 ./Core/Src/main.o
 .ARM.attributes
                0x000000e8       0x32 ./Core/Src/stm32h7xx_hal_msp.o
 .ARM.attributes
                0x0000011a       0x32 ./Core/Src/stm32h7xx_it.o
 .ARM.attributes
                0x0000014c       0x21 ./Core/Startup/startup_stm32h747xihx.o
 .ARM.attributes
                0x0000016d       0x32 ./Drivers/STM32H7xx_HAL_Driver/stm32h7xx_hal.o
 .ARM.attributes
                0x0000019f       0x32 ./Drivers/STM32H7xx_HAL_Driver/stm32h7xx_hal_cortex.o
 .ARM.attributes
                0x000001d1       0x32 ./Drivers/STM32H7xx_HAL_Driver/stm32h7xx_hal_dma.o
 .ARM.attributes
                0x00000203       0x32 ./Drivers/STM32H7xx_HAL_Driver/stm32h7xx_hal_flash.o
 .ARM.attributes
                0x00000235       0x32 ./Drivers/STM32H7xx_HAL_Driver/stm32h7xx_hal_flash_ex.o
 .ARM.attributes
                0x00000267       0x32 ./Drivers/STM32H7xx_HAL_Driver/stm32h7xx_hal_gpio.o
 .ARM.attributes
                0x00000299       0x32 ./Drivers/STM32H7xx_HAL_Driver/stm32h7xx_hal_hsem.o
 .ARM.attributes
                0x000002cb       0x32 ./Drivers/STM32H7xx_HAL_Driver/stm32h7xx_hal_pwr_ex.o
 .ARM.attributes
                0x000002fd       0x32 ./Drivers/STM32H7xx_HAL_Driver/stm32h7xx_hal_rcc.o
 .ARM.attributes
                0x0000032f       0x32 ./Drivers/STM32H7xx_HAL_Driver/stm32h7xx_hal_rcc_ex.o
 .ARM.attributes
                0x00000361       0x32 ./Drivers/STM32H7xx_HAL_Driver/stm32h7xx_hal_uart.o
 .ARM.attributes
                0x00000393       0x32 ./Drivers/STM32H7xx_HAL_Driver/stm32h7xx_hal_uart_ex.o
 .ARM.attributes
                0x000003c5       0x32 ./Flash/flash_driver.o
 .ARM.attributes
                0x000003f7       0x32 ./Uart/uart_driver.o
 .ARM.attributes
                0x00000429       0x32 C:/ST/STM32CubeIDE_1.18.1/STM32CubeIDE/plugins/com.st.stm32cube.ide.mcu.externaltools.gnu-tools-for-stm32.13.3.rel1.win32_1.0.0.202411081344/tools/bin/../lib/gcc/arm-none-eabi/13.3.1/../../../../arm-none-eabi/lib/thumb/v7e-m+dp/hard\libstdc++_nano.a(del_ops.o)
 .ARM.attributes
                0x0000045b       0x32 C:/ST/STM32CubeIDE_1.18.1/STM32CubeIDE/plugins/com.st.stm32cube.ide.mcu.externaltools.gnu-tools-for-stm32.13.3.rel1.win32_1.0.0.202411081344/tools/bin/../lib/gcc/arm-none-eabi/13.3.1/../../../../arm-none-eabi/lib/thumb/v7e-m+dp/hard\libstdc++_nano.a(del_op.o)
 .ARM.attributes
                0x0000048d       0x32 C:/ST/STM32CubeIDE_1.18.1/STM32CubeIDE/plugins/com.st.stm32cube.ide.mcu.externaltools.gnu-tools-for-stm32.13.3.rel1.win32_1.0.0.202411081344/tools/bin/../lib/gcc/arm-none-eabi/13.3.1/../../../../arm-none-eabi/lib/thumb/v7e-m+dp/hard\libc_nano.a(libc_a-malloc.o)
 .ARM.attributes
                0x000004bf       0x32 C:/ST/STM32CubeIDE_1.18.1/STM32CubeIDE/plugins/com.st.stm32cube.ide.mcu.externaltools.gnu-tools-for-stm32.13.3.rel1.win32_1.0.0.202411081344/tools/bin/../lib/gcc/arm-none-eabi/13.3.1/../../../../arm-none-eabi/lib/thumb/v7e-m+dp/hard\libc_nano.a(libc_a-mallocr.o)
 .ARM.attributes
                0x000004f1       0x32 C:/ST/STM32CubeIDE_1.18.1/STM32CubeIDE/plugins/com.st.stm32cube.ide.mcu.externaltools.gnu-tools-for-stm32.13.3.rel1.win32_1.0.0.202411081344/tools/bin/../lib/gcc/arm-none-eabi/13.3.1/../../../../arm-none-eabi/lib/thumb/v7e-m+dp/hard\libc_nano.a(libc_a-mlock.o)
 .ARM.attributes
                0x00000523       0x32 C:/ST/STM32CubeIDE_1.18.1/STM32CubeIDE/plugins/com.st.stm32cube.ide.mcu.externaltools.gnu-tools-for-stm32.13.3.rel1.win32_1.0.0.202411081344/tools/bin/../lib/gcc/arm-none-eabi/13.3.1/../../../../arm-none-eabi/lib/thumb/v7e-m+dp/hard\libc_nano.a(libc_a-findfp.o)
 .ARM.attributes
                0x00000555       0x32 C:/ST/STM32CubeIDE_1.18.1/STM32CubeIDE/plugins/com.st.stm32cube.ide.mcu.externaltools.gnu-tools-for-stm32.13.3.rel1.win32_1.0.0.202411081344/tools/bin/../lib/gcc/arm-none-eabi/13.3.1/../../../../arm-none-eabi/lib/thumb/v7e-m+dp/hard\libc_nano.a(libc_a-memmove.o)
 .ARM.attributes
                0x00000587       0x32 C:/ST/STM32CubeIDE_1.18.1/STM32CubeIDE/plugins/com.st.stm32cube.ide.mcu.externaltools.gnu-tools-for-stm32.13.3.rel1.win32_1.0.0.202411081344/tools/bin/../lib/gcc/arm-none-eabi/13.3.1/../../../../arm-none-eabi/lib/thumb/v7e-m+dp/hard\libc_nano.a(libc_a-memset.o)
 .ARM.attributes
                0x000005b9       0x32 C:/ST/STM32CubeIDE_1.18.1/STM32CubeIDE/plugins/com.st.stm32cube.ide.mcu.externaltools.gnu-tools-for-stm32.13.3.rel1.win32_1.0.0.202411081344/tools/bin/../lib/gcc/arm-none-eabi/13.3.1/../../../../arm-none-eabi/lib/thumb/v7e-m+dp/hard\libc_nano.a(libc_a-impure.o)
 .ARM.attributes
                0x000005eb       0x32 C:/ST/STM32CubeIDE_1.18.1/STM32CubeIDE/plugins/com.st.stm32cube.ide.mcu.externaltools.gnu-tools-for-stm32.13.3.rel1.win32_1.0.0.202411081344/tools/bin/../lib/gcc/arm-none-eabi/13.3.1/../../../../arm-none-eabi/lib/thumb/v7e-m+dp/hard\libc_nano.a(libc_a-init.o)
 .ARM.attributes
                0x0000061d       0x32 C:/ST/STM32CubeIDE_1.18.1/STM32CubeIDE/plugins/com.st.stm32cube.ide.mcu.externaltools.gnu-tools-for-stm32.13.3.rel1.win32_1.0.0.202411081344/tools/bin/../lib/gcc/arm-none-eabi/13.3.1/../../../../arm-none-eabi/lib/thumb/v7e-m+dp/hard\libc_nano.a(libc_a-lock.o)
 .ARM.attributes
                0x0000064f       0x32 C:/ST/STM32CubeIDE_1.18.1/STM32CubeIDE/plugins/com.st.stm32cube.ide.mcu.externaltools.gnu-tools-for-stm32.13.3.rel1.win32_1.0.0.202411081344/tools/bin/../lib/gcc/arm-none-eabi/13.3.1/../../../../arm-none-eabi/lib/thumb/v7e-m+dp/hard\libc_nano.a(libc_a-memcpy-stub.o)
 .ARM.attributes
                0x00000681       0x32 C:/ST/STM32CubeIDE_1.18.1/STM32CubeIDE/plugins/com.st.stm32cube.ide.mcu.externaltools.gnu-tools-for-stm32.13.3.rel1.win32_1.0.0.202411081344/tools/bin/../lib/gcc/arm-none-eabi/13.3.1/../../../../arm-none-eabi/lib/thumb/v7e-m+dp/hard\libc_nano.a(libc_a-freer.o)
 .ARM.attributes
                0x000006b3       0x20 C:/ST/STM32CubeIDE_1.18.1/STM32CubeIDE/plugins/com.st.stm32cube.ide.mcu.externaltools.gnu-tools-for-stm32.13.3.rel1.win32_1.0.0.202411081344/tools/bin/../lib/gcc/arm-none-eabi/13.3.1/thumb/v7e-m+dp/hard\libgcc.a(_aeabi_uldivmod.o)
 .ARM.attributes
                0x000006d3       0x32 C:/ST/STM32CubeIDE_1.18.1/STM32CubeIDE/plugins/com.st.stm32cube.ide.mcu.externaltools.gnu-tools-for-stm32.13.3.rel1.win32_1.0.0.202411081344/tools/bin/../lib/gcc/arm-none-eabi/13.3.1/thumb/v7e-m+dp/hard\libgcc.a(_udivmoddi4.o)
 .ARM.attributes
                0x00000705       0x20 C:/ST/STM32CubeIDE_1.18.1/STM32CubeIDE/plugins/com.st.stm32cube.ide.mcu.externaltools.gnu-tools-for-stm32.13.3.rel1.win32_1.0.0.202411081344/tools/bin/../lib/gcc/arm-none-eabi/13.3.1/thumb/v7e-m+dp/hard\libgcc.a(_dvmd_tls.o)
 .ARM.attributes
                0x00000725       0x20 C:/ST/STM32CubeIDE_1.18.1/STM32CubeIDE/plugins/com.st.stm32cube.ide.mcu.externaltools.gnu-tools-for-stm32.13.3.rel1.win32_1.0.0.202411081344/tools/bin/../lib/gcc/arm-none-eabi/13.3.1/thumb/v7e-m+dp/hard/crtn.o
OUTPUT(STM32H7_FlashDriver_CM7.elf elf32-littlearm)
LOAD linker stubs
LOAD C:/ST/STM32CubeIDE_1.18.1/STM32CubeIDE/plugins/com.st.stm32cube.ide.mcu.externaltools.gnu-tools-for-stm32.13.3.rel1.win32_1.0.0.202411081344/tools/bin/../lib/gcc/arm-none-eabi/13.3.1/../../../../arm-none-eabi/lib/thumb/v7e-m+dp/hard\libc.a
LOAD C:/ST/STM32CubeIDE_1.18.1/STM32CubeIDE/plugins/com.st.stm32cube.ide.mcu.externaltools.gnu-tools-for-stm32.13.3.rel1.win32_1.0.0.202411081344/tools/bin/../lib/gcc/arm-none-eabi/13.3.1/../../../../arm-none-eabi/lib/thumb/v7e-m+dp/hard\libm.a
LOAD C:/ST/STM32CubeIDE_1.18.1/STM32CubeIDE/plugins/com.st.stm32cube.ide.mcu.externaltools.gnu-tools-for-stm32.13.3.rel1.win32_1.0.0.202411081344/tools/bin/../lib/gcc/arm-none-eabi/13.3.1/thumb/v7e-m+dp/hard\libgcc.a

.debug_info     0x00000000    0x1bbdf
 .debug_info    0x00000000     0x2e4e ./App/app_main.o
 .debug_info    0x00002e4e      0xe73 ./Common/Src/system_stm32h7xx_dualcore_boot_cm4_cm7.o
 .debug_info    0x00003cc1     0x1ac4 ./Core/Src/main.o
 .debug_info    0x00005785     0x1502 ./Core/Src/stm32h7xx_hal_msp.o
 .debug_info    0x00006c87      0x874 ./Core/Src/stm32h7xx_it.o
 .debug_info    0x000074fb       0x30 ./Core/Startup/startup_stm32h747xihx.o
 .debug_info    0x0000752b     0x177a ./Drivers/STM32H7xx_HAL_Driver/stm32h7xx_hal.o
 .debug_info    0x00008ca5     0x10d5 ./Drivers/STM32H7xx_HAL_Driver/stm32h7xx_hal_cortex.o
 .debug_info    0x00009d7a      0xc43 ./Drivers/STM32H7xx_HAL_Driver/stm32h7xx_hal_dma.o
 .debug_info    0x0000a9bd      0x83b ./Drivers/STM32H7xx_HAL_Driver/stm32h7xx_hal_flash.o
 .debug_info    0x0000b1f8      0xd2e ./Drivers/STM32H7xx_HAL_Driver/stm32h7xx_hal_flash_ex.o
 .debug_info    0x0000bf26      0xd06 ./Drivers/STM32H7xx_HAL_Driver/stm32h7xx_hal_gpio.o
 .debug_info    0x0000cc2c      0x3d3 ./Drivers/STM32H7xx_HAL_Driver/stm32h7xx_hal_hsem.o
 .debug_info    0x0000cfff     0x1225 ./Drivers/STM32H7xx_HAL_Driver/stm32h7xx_hal_pwr_ex.o
 .debug_info    0x0000e224      0xe67 ./Drivers/STM32H7xx_HAL_Driver/stm32h7xx_hal_rcc.o
 .debug_info    0x0000f08b     0x130f ./Drivers/STM32H7xx_HAL_Driver/stm32h7xx_hal_rcc_ex.o
 .debug_info    0x0001039a     0x4b1d ./Drivers/STM32H7xx_HAL_Driver/stm32h7xx_hal_uart.o
 .debug_info    0x00014eb7      0xfbf ./Drivers/STM32H7xx_HAL_Driver/stm32h7xx_hal_uart_ex.o
 .debug_info    0x00015e76     0x2bae ./Flash/flash_driver.o
 .debug_info    0x00018a24     0x31bb ./Uart/uart_driver.o

.debug_abbrev   0x00000000     0x37eb
 .debug_abbrev  0x00000000      0x563 ./App/app_main.o
 .debug_abbrev  0x00000563      0x165 ./Common/Src/system_stm32h7xx_dualcore_boot_cm4_cm7.o
 .debug_abbrev  0x000006c8      0x2fd ./Core/Src/main.o
 .debug_abbrev  0x000009c5      0x220 ./Core/Src/stm32h7xx_hal_msp.o
 .debug_abbrev  0x00000be5      0x172 ./Core/Src/stm32h7xx_it.o
 .debug_abbrev  0x00000d57       0x24 ./Core/Startup/startup_stm32h747xihx.o
 .debug_abbrev  0x00000d7b      0x295 ./Drivers/STM32H7xx_HAL_Driver/stm32h7xx_hal.o
 .debug_abbrev  0x00001010      0x339 ./Drivers/STM32H7xx_HAL_Driver/stm32h7xx_hal_cortex.o
 .debug_abbrev  0x00001349      0x248 ./Drivers/STM32H7xx_HAL_Driver/stm32h7xx_hal_dma.o
 .debug_abbrev  0x00001591      0x278 ./Drivers/STM32H7xx_HAL_Driver/stm32h7xx_hal_flash.o
 .debug_abbrev  0x00001809      0x261 ./Drivers/STM32H7xx_HAL_Driver/stm32h7xx_hal_flash_ex.o
 .debug_abbrev  0x00001a6a      0x205 ./Drivers/STM32H7xx_HAL_Driver/stm32h7xx_hal_gpio.o
 .debug_abbrev  0x00001c6f      0x1d3 ./Drivers/STM32H7xx_HAL_Driver/stm32h7xx_hal_hsem.o
 .debug_abbrev  0x00001e42      0x2d7 ./Drivers/STM32H7xx_HAL_Driver/stm32h7xx_hal_pwr_ex.o
 .debug_abbrev  0x00002119      0x2c8 ./Drivers/STM32H7xx_HAL_Driver/stm32h7xx_hal_rcc.o
 .debug_abbrev  0x000023e1      0x269 ./Drivers/STM32H7xx_HAL_Driver/stm32h7xx_hal_rcc_ex.o
 .debug_abbrev  0x0000264a      0x33d ./Drivers/STM32H7xx_HAL_Driver/stm32h7xx_hal_uart.o
 .debug_abbrev  0x00002987      0x2d2 ./Drivers/STM32H7xx_HAL_Driver/stm32h7xx_hal_uart_ex.o
 .debug_abbrev  0x00002c59      0x5a6 ./Flash/flash_driver.o
 .debug_abbrev  0x000031ff      0x5ec ./Uart/uart_driver.o

.debug_aranges  0x00000000     0x1028
 .debug_aranges
                0x00000000       0xa0 ./App/app_main.o
 .debug_aranges
                0x000000a0       0x30 ./Common/Src/system_stm32h7xx_dualcore_boot_cm4_cm7.o
 .debug_aranges
                0x000000d0       0x50 ./Core/Src/main.o
 .debug_aranges
                0x00000120       0x30 ./Core/Src/stm32h7xx_hal_msp.o
 .debug_aranges
                0x00000150       0x78 ./Core/Src/stm32h7xx_it.o
 .debug_aranges
                0x000001c8       0x28 ./Core/Startup/startup_stm32h747xihx.o
 .debug_aranges
                0x000001f0      0x200 ./Drivers/STM32H7xx_HAL_Driver/stm32h7xx_hal.o
 .debug_aranges
                0x000003f0      0x130 ./Drivers/STM32H7xx_HAL_Driver/stm32h7xx_hal_cortex.o
 .debug_aranges
                0x00000520       0xa0 ./Drivers/STM32H7xx_HAL_Driver/stm32h7xx_hal_dma.o
 .debug_aranges
                0x000005c0       0x88 ./Drivers/STM32H7xx_HAL_Driver/stm32h7xx_hal_flash.o
 .debug_aranges
                0x00000648      0x108 ./Drivers/STM32H7xx_HAL_Driver/stm32h7xx_hal_flash_ex.o
 .debug_aranges
                0x00000750       0x58 ./Drivers/STM32H7xx_HAL_Driver/stm32h7xx_hal_gpio.o
 .debug_aranges
                0x000007a8       0x70 ./Drivers/STM32H7xx_HAL_Driver/stm32h7xx_hal_hsem.o
 .debug_aranges
                0x00000818      0x170 ./Drivers/STM32H7xx_HAL_Driver/stm32h7xx_hal_pwr_ex.o
 .debug_aranges
                0x00000988       0x88 ./Drivers/STM32H7xx_HAL_Driver/stm32h7xx_hal_rcc.o
 .debug_aranges
                0x00000a10      0x100 ./Drivers/STM32H7xx_HAL_Driver/stm32h7xx_hal_rcc_ex.o
 .debug_aranges
                0x00000b10      0x248 ./Drivers/STM32H7xx_HAL_Driver/stm32h7xx_hal_uart.o
 .debug_aranges
                0x00000d58       0xa8 ./Drivers/STM32H7xx_HAL_Driver/stm32h7xx_hal_uart_ex.o
 .debug_aranges
                0x00000e00       0xe8 ./Flash/flash_driver.o
 .debug_aranges
                0x00000ee8      0x140 ./Uart/uart_driver.o

.debug_rnglists
                0x00000000      0xc5a
 .debug_rnglists
                0x00000000       0x76 ./App/app_main.o
 .debug_rnglists
                0x00000076       0x21 ./Common/Src/system_stm32h7xx_dualcore_boot_cm4_cm7.o
 .debug_rnglists
                0x00000097       0x3a ./Core/Src/main.o
 .debug_rnglists
                0x000000d1       0x20 ./Core/Src/stm32h7xx_hal_msp.o
 .debug_rnglists
                0x000000f1       0x55 ./Core/Src/stm32h7xx_it.o
 .debug_rnglists
                0x00000146       0x19 ./Core/Startup/startup_stm32h747xihx.o
 .debug_rnglists
                0x0000015f      0x180 ./Drivers/STM32H7xx_HAL_Driver/stm32h7xx_hal.o
 .debug_rnglists
                0x000002df       0xe0 ./Drivers/STM32H7xx_HAL_Driver/stm32h7xx_hal_cortex.o
 .debug_rnglists
                0x000003bf       0x82 ./Drivers/STM32H7xx_HAL_Driver/stm32h7xx_hal_dma.o
 .debug_rnglists
                0x00000441       0x66 ./Drivers/STM32H7xx_HAL_Driver/stm32h7xx_hal_flash.o
 .debug_rnglists
                0x000004a7       0xca ./Drivers/STM32H7xx_HAL_Driver/stm32h7xx_hal_flash_ex.o
 .debug_rnglists
                0x00000571       0x3f ./Drivers/STM32H7xx_HAL_Driver/stm32h7xx_hal_gpio.o
 .debug_rnglists
                0x000005b0       0x4f ./Drivers/STM32H7xx_HAL_Driver/stm32h7xx_hal_hsem.o
 .debug_rnglists
                0x000005ff      0x117 ./Drivers/STM32H7xx_HAL_Driver/stm32h7xx_hal_pwr_ex.o
 .debug_rnglists
                0x00000716       0x68 ./Drivers/STM32H7xx_HAL_Driver/stm32h7xx_hal_rcc.o
 .debug_rnglists
                0x0000077e       0xc6 ./Drivers/STM32H7xx_HAL_Driver/stm32h7xx_hal_rcc_ex.o
 .debug_rnglists
                0x00000844      0x1fa ./Drivers/STM32H7xx_HAL_Driver/stm32h7xx_hal_uart.o
 .debug_rnglists
                0x00000a3e       0x7f ./Drivers/STM32H7xx_HAL_Driver/stm32h7xx_hal_uart_ex.o
 .debug_rnglists
                0x00000abd       0xaf ./Flash/flash_driver.o
 .debug_rnglists
                0x00000b6c       0xee ./Uart/uart_driver.o

.debug_macro    0x00000000    0x428cf
 .debug_macro   0x00000000      0x377 ./App/app_main.o
 .debug_macro   0x00000377      0xbd4 ./App/app_main.o
 .debug_macro   0x00000f4b      0x232 ./App/app_main.o
 .debug_macro   0x0000117d       0x2e ./App/app_main.o
 .debug_macro   0x000011ab       0x49 ./App/app_main.o
 .debug_macro   0x000011f4       0x1c ./App/app_main.o
 .debug_macro   0x00001210       0x22 ./App/app_main.o
 .debug_macro   0x00001232       0x8e ./App/app_main.o
 .debug_macro   0x000012c0       0x51 ./App/app_main.o
 .debug_macro   0x00001311      0x103 ./App/app_main.o
 .debug_macro   0x00001414       0x6a ./App/app_main.o
 .debug_macro   0x0000147e      0x1df ./App/app_main.o
 .debug_macro   0x0000165d       0x1c ./App/app_main.o
 .debug_macro   0x00001679       0x22 ./App/app_main.o
 .debug_macro   0x0000169b       0xfb ./App/app_main.o
 .debug_macro   0x00001796     0x1305 ./App/app_main.o
 .debug_macro   0x00002a9b      0x11f ./App/app_main.o
 .debug_macro   0x00002bba       0x27 ./App/app_main.o
 .debug_macro   0x00002be1    0x2ca3c ./App/app_main.o
 .debug_macro   0x0002f61d       0x6d ./App/app_main.o
 .debug_macro   0x0002f68a     0x3d79 ./App/app_main.o
 .debug_macro   0x00033403      0x197 ./App/app_main.o
 .debug_macro   0x0003359a      0x1f2 ./App/app_main.o
 .debug_macro   0x0003378c       0x10 ./App/app_main.o
 .debug_macro   0x0003379c      0x409 ./App/app_main.o
 .debug_macro   0x00033ba5       0x18 ./App/app_main.o
 .debug_macro   0x00033bbd       0x61 ./App/app_main.o
 .debug_macro   0x00033c1e       0x29 ./App/app_main.o
 .debug_macro   0x00033c47       0x43 ./App/app_main.o
 .debug_macro   0x00033c8a       0x34 ./App/app_main.o
 .debug_macro   0x00033cbe      0x38c ./App/app_main.o
 .debug_macro   0x0003404a       0x16 ./App/app_main.o
 .debug_macro   0x00034060       0x4a ./App/app_main.o
 .debug_macro   0x000340aa       0x34 ./App/app_main.o
 .debug_macro   0x000340de       0x10 ./App/app_main.o
 .debug_macro   0x000340ee       0x58 ./App/app_main.o
 .debug_macro   0x00034146       0x8e ./App/app_main.o
 .debug_macro   0x000341d4       0x16 ./App/app_main.o
 .debug_macro   0x000341ea      0x185 ./App/app_main.o
 .debug_macro   0x0003436f      0x194 ./App/app_main.o
 .debug_macro   0x00034503       0x10 ./App/app_main.o
 .debug_macro   0x00034513       0x16 ./App/app_main.o
 .debug_macro   0x00034529       0x3c ./App/app_main.o
 .debug_macro   0x00034565       0x16 ./App/app_main.o
 .debug_macro   0x0003457b       0x29 ./App/app_main.o
 .debug_macro   0x000345a4       0x10 ./App/app_main.o
 .debug_macro   0x000345b4      0x3c7 ./App/app_main.o
 .debug_macro   0x0003497b       0x5d ./App/app_main.o
 .debug_macro   0x000349d8     0x3ae3 ./App/app_main.o
 .debug_macro   0x000384bb     0x1095 ./App/app_main.o
 .debug_macro   0x00039550      0x154 ./App/app_main.o
 .debug_macro   0x000396a4      0x130 ./App/app_main.o
 .debug_macro   0x000397d4      0x3c9 ./App/app_main.o
 .debug_macro   0x00039b9d       0xac ./App/app_main.o
 .debug_macro   0x00039c49      0x72d ./App/app_main.o
 .debug_macro   0x0003a376      0x228 ./App/app_main.o
 .debug_macro   0x0003a59e       0x66 ./App/app_main.o
 .debug_macro   0x0003a604      0x3c9 ./App/app_main.o
 .debug_macro   0x0003a9cd      0x407 ./App/app_main.o
 .debug_macro   0x0003add4      0x27c ./App/app_main.o
 .debug_macro   0x0003b050      0x3ca ./App/app_main.o
 .debug_macro   0x0003b41a      0x4a2 ./App/app_main.o
 .debug_macro   0x0003b8bc       0x51 ./App/app_main.o
 .debug_macro   0x0003b90d       0x4a ./App/app_main.o
 .debug_macro   0x0003b957      0x22c ./App/app_main.o
 .debug_macro   0x0003bb83       0x67 ./App/app_main.o
 .debug_macro   0x0003bbea       0xa5 ./App/app_main.o
 .debug_macro   0x0003bc8f      0x218 ./App/app_main.o
 .debug_macro   0x0003bea7      0x2ea ./App/app_main.o
 .debug_macro   0x0003c191       0x35 ./App/app_main.o
 .debug_macro   0x0003c1c6      0x693 ./App/app_main.o
 .debug_macro   0x0003c859       0xa6 ./App/app_main.o
 .debug_macro   0x0003c8ff      0x7a4 ./App/app_main.o
 .debug_macro   0x0003d0a3       0x28 ./App/app_main.o
 .debug_macro   0x0003d0cb      0x294 ./Common/Src/system_stm32h7xx_dualcore_boot_cm4_cm7.o
 .debug_macro   0x0003d35f      0xafc ./Common/Src/system_stm32h7xx_dualcore_boot_cm4_cm7.o
 .debug_macro   0x0003de5b     0x1305 ./Common/Src/system_stm32h7xx_dualcore_boot_cm4_cm7.o
 .debug_macro   0x0003f160      0x190 ./Common/Src/system_stm32h7xx_dualcore_boot_cm4_cm7.o
 .debug_macro   0x0003f2f0       0x34 ./Common/Src/system_stm32h7xx_dualcore_boot_cm4_cm7.o
 .debug_macro   0x0003f324      0x370 ./Common/Src/system_stm32h7xx_dualcore_boot_cm4_cm7.o
 .debug_macro   0x0003f694       0x4a ./Common/Src/system_stm32h7xx_dualcore_boot_cm4_cm7.o
 .debug_macro   0x0003f6de       0x1c ./Common/Src/system_stm32h7xx_dualcore_boot_cm4_cm7.o
 .debug_macro   0x0003f6fa      0x19b ./Common/Src/system_stm32h7xx_dualcore_boot_cm4_cm7.o
 .debug_macro   0x0003f895      0x2a8 ./Core/Src/main.o
 .debug_macro   0x0003fb3d      0x29e ./Core/Src/stm32h7xx_hal_msp.o
 .debug_macro   0x0003fddb      0x2a8 ./Core/Src/stm32h7xx_it.o
 .debug_macro   0x00040083      0x2be ./Drivers/STM32H7xx_HAL_Driver/stm32h7xx_hal.o
 .debug_macro   0x00040341      0x294 ./Drivers/STM32H7xx_HAL_Driver/stm32h7xx_hal_cortex.o
 .debug_macro   0x000405d5      0x2e8 ./Drivers/STM32H7xx_HAL_Driver/stm32h7xx_hal_dma.o
 .debug_macro   0x000408bd      0x29a ./Drivers/STM32H7xx_HAL_Driver/stm32h7xx_hal_flash.o
 .debug_macro   0x00040b57      0x29a ./Drivers/STM32H7xx_HAL_Driver/stm32h7xx_hal_flash_ex.o
 .debug_macro   0x00040df1      0x2a8 ./Drivers/STM32H7xx_HAL_Driver/stm32h7xx_hal_gpio.o
 .debug_macro   0x00041099      0x2a6 ./Drivers/STM32H7xx_HAL_Driver/stm32h7xx_hal_hsem.o
 .debug_macro   0x0004133f      0x2cd ./Drivers/STM32H7xx_HAL_Driver/stm32h7xx_hal_pwr_ex.o
 .debug_macro   0x0004160c      0x2b8 ./Drivers/STM32H7xx_HAL_Driver/stm32h7xx_hal_rcc.o
 .debug_macro   0x000418c4      0x2b2 ./Drivers/STM32H7xx_HAL_Driver/stm32h7xx_hal_rcc_ex.o
 .debug_macro   0x00041b76      0x2bf ./Drivers/STM32H7xx_HAL_Driver/stm32h7xx_hal_uart.o
 .debug_macro   0x00041e35      0x2a0 ./Drivers/STM32H7xx_HAL_Driver/stm32h7xx_hal_uart_ex.o
 .debug_macro   0x000420d5      0x396 ./Flash/flash_driver.o
 .debug_macro   0x0004246b       0x16 ./Flash/flash_driver.o
 .debug_macro   0x00042481       0x20 ./Flash/flash_driver.o
 .debug_macro   0x000424a1       0x8e ./Flash/flash_driver.o
 .debug_macro   0x0004252f      0x3a0 ./Uart/uart_driver.o

.debug_line     0x00000000    0x17278
 .debug_line    0x00000000     0x1163 ./App/app_main.o
 .debug_line    0x00001163      0xb1c ./Common/Src/system_stm32h7xx_dualcore_boot_cm4_cm7.o
 .debug_line    0x00001c7f      0xa70 ./Core/Src/main.o
 .debug_line    0x000026ef      0x94a ./Core/Src/stm32h7xx_hal_msp.o
 .debug_line    0x00003039      0x9ac ./Core/Src/stm32h7xx_it.o
 .debug_line    0x000039e5       0x7b ./Core/Startup/startup_stm32h747xihx.o
 .debug_line    0x00003a60     0x1030 ./Drivers/STM32H7xx_HAL_Driver/stm32h7xx_hal.o
 .debug_line    0x00004a90      0xec7 ./Drivers/STM32H7xx_HAL_Driver/stm32h7xx_hal_cortex.o
 .debug_line    0x00005957     0x2852 ./Drivers/STM32H7xx_HAL_Driver/stm32h7xx_hal_dma.o
 .debug_line    0x000081a9      0xe5f ./Drivers/STM32H7xx_HAL_Driver/stm32h7xx_hal_flash.o
 .debug_line    0x00009008     0x12ba ./Drivers/STM32H7xx_HAL_Driver/stm32h7xx_hal_flash_ex.o
 .debug_line    0x0000a2c2      0xd5a ./Drivers/STM32H7xx_HAL_Driver/stm32h7xx_hal_gpio.o
 .debug_line    0x0000b01c      0xa6f ./Drivers/STM32H7xx_HAL_Driver/stm32h7xx_hal_hsem.o
 .debug_line    0x0000ba8b     0x119a ./Drivers/STM32H7xx_HAL_Driver/stm32h7xx_hal_pwr_ex.o
 .debug_line    0x0000cc25     0x1578 ./Drivers/STM32H7xx_HAL_Driver/stm32h7xx_hal_rcc.o
 .debug_line    0x0000e19d     0x1ecf ./Drivers/STM32H7xx_HAL_Driver/stm32h7xx_hal_rcc_ex.o
 .debug_line    0x0001006c     0x3958 ./Drivers/STM32H7xx_HAL_Driver/stm32h7xx_hal_uart.o
 .debug_line    0x000139c4      0xe67 ./Drivers/STM32H7xx_HAL_Driver/stm32h7xx_hal_uart_ex.o
 .debug_line    0x0001482b     0x1599 ./Flash/flash_driver.o
 .debug_line    0x00015dc4     0x14b4 ./Uart/uart_driver.o

.debug_str      0x00000000   0x19a48e
 .debug_str     0x00000000   0x19a48e ./App/app_main.o
                             0x194886 (size before relaxing)
 .debug_str     0x0019a48e   0x190cb3 ./Common/Src/system_stm32h7xx_dualcore_boot_cm4_cm7.o
 .debug_str     0x0019a48e   0x191c66 ./Core/Src/main.o
 .debug_str     0x0019a48e   0x191b84 ./Core/Src/stm32h7xx_hal_msp.o
 .debug_str     0x0019a48e   0x190d0e ./Core/Src/stm32h7xx_it.o
 .debug_str     0x0019a48e       0x95 ./Core/Startup/startup_stm32h747xihx.o
 .debug_str     0x0019a48e   0x191d1a ./Drivers/STM32H7xx_HAL_Driver/stm32h7xx_hal.o
 .debug_str     0x0019a48e   0x191581 ./Drivers/STM32H7xx_HAL_Driver/stm32h7xx_hal_cortex.o
 .debug_str     0x0019a48e   0x191321 ./Drivers/STM32H7xx_HAL_Driver/stm32h7xx_hal_dma.o
 .debug_str     0x0019a48e   0x190bd5 ./Drivers/STM32H7xx_HAL_Driver/stm32h7xx_hal_flash.o
 .debug_str     0x0019a48e   0x190ede ./Drivers/STM32H7xx_HAL_Driver/stm32h7xx_hal_flash_ex.o
 .debug_str     0x0019a48e   0x190c12 ./Drivers/STM32H7xx_HAL_Driver/stm32h7xx_hal_gpio.o
 .debug_str     0x0019a48e   0x19089d ./Drivers/STM32H7xx_HAL_Driver/stm32h7xx_hal_hsem.o
 .debug_str     0x0019a48e   0x19111d ./Drivers/STM32H7xx_HAL_Driver/stm32h7xx_hal_pwr_ex.o
 .debug_str     0x0019a48e   0x190f93 ./Drivers/STM32H7xx_HAL_Driver/stm32h7xx_hal_rcc.o
 .debug_str     0x0019a48e   0x1914da ./Drivers/STM32H7xx_HAL_Driver/stm32h7xx_hal_rcc_ex.o
 .debug_str     0x0019a48e   0x191ac1 ./Drivers/STM32H7xx_HAL_Driver/stm32h7xx_hal_uart.o
 .debug_str     0x0019a48e   0x191081 ./Drivers/STM32H7xx_HAL_Driver/stm32h7xx_hal_uart_ex.o
 .debug_str     0x0019a48e   0x194321 ./Flash/flash_driver.o
 .debug_str     0x0019a48e   0x19495e ./Uart/uart_driver.o

.comment        0x00000000       0x43
 .comment       0x00000000       0x43 ./App/app_main.o
                                 0x44 (size before relaxing)
 .comment       0x00000043       0x44 ./Common/Src/system_stm32h7xx_dualcore_boot_cm4_cm7.o
 .comment       0x00000043       0x44 ./Core/Src/main.o
 .comment       0x00000043       0x44 ./Core/Src/stm32h7xx_hal_msp.o
 .comment       0x00000043       0x44 ./Core/Src/stm32h7xx_it.o
 .comment       0x00000043       0x44 ./Drivers/STM32H7xx_HAL_Driver/stm32h7xx_hal.o
 .comment       0x00000043       0x44 ./Drivers/STM32H7xx_HAL_Driver/stm32h7xx_hal_cortex.o
 .comment       0x00000043       0x44 ./Drivers/STM32H7xx_HAL_Driver/stm32h7xx_hal_dma.o
 .comment       0x00000043       0x44 ./Drivers/STM32H7xx_HAL_Driver/stm32h7xx_hal_flash.o
 .comment       0x00000043       0x44 ./Drivers/STM32H7xx_HAL_Driver/stm32h7xx_hal_flash_ex.o
 .comment       0x00000043       0x44 ./Drivers/STM32H7xx_HAL_Driver/stm32h7xx_hal_gpio.o
 .comment       0x00000043       0x44 ./Drivers/STM32H7xx_HAL_Driver/stm32h7xx_hal_hsem.o
 .comment       0x00000043       0x44 ./Drivers/STM32H7xx_HAL_Driver/stm32h7xx_hal_pwr_ex.o
 .comment       0x00000043       0x44 ./Drivers/STM32H7xx_HAL_Driver/stm32h7xx_hal_rcc.o
 .comment       0x00000043       0x44 ./Drivers/STM32H7xx_HAL_Driver/stm32h7xx_hal_rcc_ex.o
 .comment       0x00000043       0x44 ./Drivers/STM32H7xx_HAL_Driver/stm32h7xx_hal_uart.o
 .comment       0x00000043       0x44 ./Drivers/STM32H7xx_HAL_Driver/stm32h7xx_hal_uart_ex.o
 .comment       0x00000043       0x44 ./Flash/flash_driver.o
 .comment       0x00000043       0x44 ./Uart/uart_driver.o

.debug_frame    0x00000000     0x4614
 .debug_frame   0x00000000      0x260 ./App/app_main.o
 .debug_frame   0x00000260       0x78 ./Common/Src/system_stm32h7xx_dualcore_boot_cm4_cm7.o
 .debug_frame   0x000002d8       0xf8 ./Core/Src/main.o
 .debug_frame   0x000003d0       0x80 ./Core/Src/stm32h7xx_hal_msp.o
 .debug_frame   0x00000450      0x158 ./Core/Src/stm32h7xx_it.o
 .debug_frame   0x000005a8      0x848 ./Drivers/STM32H7xx_HAL_Driver/stm32h7xx_hal.o
 .debug_frame   0x00000df0      0x508 ./Drivers/STM32H7xx_HAL_Driver/stm32h7xx_hal_cortex.o
 .debug_frame   0x000012f8      0x2b4 ./Drivers/STM32H7xx_HAL_Driver/stm32h7xx_hal_dma.o
 .debug_frame   0x000015ac      0x200 ./Drivers/STM32H7xx_HAL_Driver/stm32h7xx_hal_flash.o
 .debug_frame   0x000017ac      0x484 ./Drivers/STM32H7xx_HAL_Driver/stm32h7xx_hal_flash_ex.o
 .debug_frame   0x00001c30      0x14c ./Drivers/STM32H7xx_HAL_Driver/stm32h7xx_hal_gpio.o
 .debug_frame   0x00001d7c      0x1bc ./Drivers/STM32H7xx_HAL_Driver/stm32h7xx_hal_hsem.o
 .debug_frame   0x00001f38      0x5ec ./Drivers/STM32H7xx_HAL_Driver/stm32h7xx_hal_pwr_ex.o
 .debug_frame   0x00002524      0x1f8 ./Drivers/STM32H7xx_HAL_Driver/stm32h7xx_hal_rcc.o
 .debug_frame   0x0000271c      0x43c ./Drivers/STM32H7xx_HAL_Driver/stm32h7xx_hal_rcc_ex.o
 .debug_frame   0x00002b58      0xa94 ./Drivers/STM32H7xx_HAL_Driver/stm32h7xx_hal_uart.o
 .debug_frame   0x000035ec      0x2c0 ./Drivers/STM32H7xx_HAL_Driver/stm32h7xx_hal_uart_ex.o
 .debug_frame   0x000038ac      0x3e4 ./Flash/flash_driver.o
 .debug_frame   0x00003c90      0x56c ./Uart/uart_driver.o
 .debug_frame   0x000041fc       0x20 C:/ST/STM32CubeIDE_1.18.1/STM32CubeIDE/plugins/com.st.stm32cube.ide.mcu.externaltools.gnu-tools-for-stm32.13.3.rel1.win32_1.0.0.202411081344/tools/bin/../lib/gcc/arm-none-eabi/13.3.1/../../../../arm-none-eabi/lib/thumb/v7e-m+dp/hard\libstdc++_nano.a(del_ops.o)
 .debug_frame   0x0000421c       0x20 C:/ST/STM32CubeIDE_1.18.1/STM32CubeIDE/plugins/com.st.stm32cube.ide.mcu.externaltools.gnu-tools-for-stm32.13.3.rel1.win32_1.0.0.202411081344/tools/bin/../lib/gcc/arm-none-eabi/13.3.1/../../../../arm-none-eabi/lib/thumb/v7e-m+dp/hard\libstdc++_nano.a(del_op.o)
 .debug_frame   0x0000423c       0x30 C:/ST/STM32CubeIDE_1.18.1/STM32CubeIDE/plugins/com.st.stm32cube.ide.mcu.externaltools.gnu-tools-for-stm32.13.3.rel1.win32_1.0.0.202411081344/tools/bin/../lib/gcc/arm-none-eabi/13.3.1/../../../../arm-none-eabi/lib/thumb/v7e-m+dp/hard\libc_nano.a(libc_a-malloc.o)