../Uart/protocol_parser.hpp:32:10:bool ProtocolParser::pushByte(uint8_t)	24	static
../Uart/protocol_parser.hpp:148:10:bool ProtocolParser::getPacket(BinaryPacket&)	16	static
../Uart/protocol_parser.hpp:160:10:bool ProtocolParser::hasChecksumError() const	16	static
../Uart/protocol_parser.hpp:165:10:void ProtocolParser::clearChecksumError()	16	static
../Uart/protocol_parser.hpp:170:10:void ProtocolParser::reset()	16	static
../Uart/protocol_parser.hpp:189:10:void ProtocolParser::resetWorkingState()	16	static
../Uart/protocol_parser.hpp:21:7:constexpr ProtocolParser::ProtocolParser()	16	static
../Uart/iuart_driver.hpp:16:7:constexpr IUartDriver::IUartDriver()	16	static
../Uart/iuart_driver.hpp:19:13:IUartDriver::~IUartDriver()	16	static
../Uart/iuart_driver.hpp:19:13:virtual IUartDriver::~IUartDriver()	16	static
../Uart/uart_driver.cpp:11:1:UartDriver::UartDriver(UART_HandleTypeDef*)	16	static
../Uart/uart_driver.cpp:21:12:virtual UartStatus UartDriver::init()	16	static
../Uart/uart_driver.cpp:41:12:virtual UartStatus UartDriver::deinit()	16	static
../Uart/uart_driver.cpp:58:6:void UartDriver::startReceiveIT()	16	static
../Uart/uart_driver.cpp:70:6:void UartDriver::onRxByteReceived()	16	static
../Uart/uart_driver.cpp:100:6:bool UartDriver::appendData(const uint8_t*, std::size_t)	32	static,ignoring_inline_asm
../Uart/uart_driver.cpp:157:6:bool UartDriver::readByte(uint8_t&)	16	static
../Uart/uart_driver.cpp:163:6:bool UartDriver::readData(uint8_t*, std::size_t)	40	static,ignoring_inline_asm
../Uart/uart_driver.cpp:247:13:std::size_t UartDriver::getAvailableDataCount() const	16	static
../Uart/uart_driver.cpp:253:13:std::size_t UartDriver::getFreeSpace() const	16	static
../Uart/uart_driver.cpp:259:6:void UartDriver::clear()	24	static,ignoring_inline_asm
../Uart/uart_driver.cpp:279:6:void UartDriver::flushRxBuffer()	16	static
../Uart/uart_driver.cpp:285:6:bool UartDriver::isOverflow() const	16	static
../Uart/uart_driver.cpp:295:6:bool UartDriver::getReceivedPacket(BinaryPacket&)	16	static
../Uart/uart_driver.cpp:302:6:bool UartDriver::hasProtocolChecksumError() const	16	static
../Uart/uart_driver.cpp:308:6:void UartDriver::clearProtocolChecksumError()	16	static
../Uart/uart_driver.cpp:318:6:bool UartDriver::isTxBusy() const	16	static
../Uart/uart_driver.cpp:324:12:virtual UartStatus UartDriver::send(const uint8_t*, std::size_t)	24	static
../Uart/uart_driver.cpp:352:12:virtual UartStatus UartDriver::sendDMA(const uint8_t*, std::size_t)	24	static
../Uart/uart_driver.cpp:389:12:virtual UartStatus UartDriver::receive(uint8_t*, std::size_t, uint32_t)	24	static
../Uart/uart_driver.cpp:428:6:void UartDriver::onError()	16	static
../Uart/uart_driver.cpp:443:6:void UartDriver::onTxComplete()	16	static
../Uart/uart_driver.cpp:454:6:void HAL_UART_RxCpltCallback(UART_HandleTypeDef*)	16	static
../Uart/uart_driver.cpp:465:6:void HAL_UART_ErrorCallback(UART_HandleTypeDef*)	16	static
../Uart/uart_driver.cpp:476:6:void HAL_UART_TxCpltCallback(UART_HandleTypeDef*)	16	static
../Uart/uart_driver.hpp:17:5:UartDriver::~UartDriver()	16	static
../Uart/uart_driver.hpp:17:5:virtual UartDriver::~UartDriver()	16	static
