../Flash/iflash_driver.hpp:7:7:constexpr IFlashDriver::IFlashDriver()	16	static
../Flash/iflash_driver.hpp:10:13:IFlashDriver::~IFlashDriver()	16	static
../Flash/iflash_driver.hpp:10:13:virtual IFlashDriver::~IFlashDriver()	16	static
../Flash/flash_driver.cpp:4:1:FlashDriver::FlashDriver(uint32_t, uint32_t, uint32_t, std::size_t)	24	static
../Flash/flash_driver.cpp:16:13:virtual FlashStatus FlashDriver::init()	16	static
../Flash/flash_driver.cpp:32:13:virtual FlashStatus FlashDriver::deinit()	16	static
../Flash/flash_driver.cpp:44:13:virtual FlashStatus FlashDriver::erase()	16	static
../Flash/flash_driver.cpp:49:13:FlashStatus FlashDriver::eraseBlocking()	40	static
../Flash/flash_driver.cpp:73:13:virtual FlashStatus FlashDriver::write(uint32_t, const uint8_t*, std::size_t)	24	static
../Flash/flash_driver.cpp:78:13:FlashStatus FlashDriver::writeBlocking(uint32_t, const uint8_t*, std::size_t)	48	static
../Flash/flash_driver.cpp:111:13:FlashStatus FlashDriver::programWordBlocking(uint32_t, const uint8_t*)	24	static
../Flash/flash_driver.cpp:127:13:FlashStatus FlashDriver::eraseIT()	40	static
../Flash/flash_driver.cpp:157:13:FlashStatus FlashDriver::writeIT(uint32_t, const uint8_t*, std::size_t)	32	static
../Flash/flash_driver.cpp:194:13:FlashStatus FlashDriver::programWordIT(uint32_t, const uint8_t*)	24	static
../Flash/flash_driver.cpp:209:6:void FlashDriver::onOperationComplete()	16	static
../Flash/flash_driver.cpp:224:6:void FlashDriver::process()	24	static
../Flash/flash_driver.cpp:256:13:virtual FlashStatus FlashDriver::read(uint32_t, uint8_t*, std::size_t) const	24	static
../Flash/flash_driver.cpp:267:13:FlashStatus FlashDriver::verify(uint32_t, const uint8_t*, std::size_t) const	32	static
../Flash/flash_driver.cpp:277:6:bool FlashDriver::isErased(uint32_t, std::size_t) const	32	static
../Flash/flash_driver.cpp:288:6:bool FlashDriver::isFlashWordAligned(uint32_t) const	16	static
../Flash/flash_driver.cpp:293:6:bool FlashDriver::isRangeValid(uint32_t, std::size_t) const	72	static
../Flash/flash_driver.cpp:300:6:void FlashDriver::onError(uint32_t)	16	static
../Flash/flash_driver.cpp:309:17:void HAL_FLASH_EndOfOperationCallback(uint32_t)	16	static
../Flash/flash_driver.cpp:315:17:void HAL_FLASH_OperationErrorCallback(uint32_t)	16	static
../Flash/flash_driver.hpp:20:5:FlashDriver::~FlashDriver()	16	static
../Flash/flash_driver.hpp:20:5:virtual FlashDriver::~FlashDriver()	16	static
