../Flash/flash_driver.hpp:39:10:bool FlashDriver::isBusy() const	16	static
../App/app_main.cpp:86:13:void updateUartDebugState()	8	static
../App/app_main.cpp:99:13:void processUartPacket(const BinaryPacket&)	24	static
../App/app_main.cpp:217:17:void app_init()	16	static
../App/app_main.cpp:247:17:void app_loop()	120	static
../App/app_main.cpp:316:1:void __static_initialization_and_destruction_0()	16	static
../Uart/iuart_driver.hpp:19:13:IUartDriver::~IUartDriver()	16	static
../Uart/iuart_driver.hpp:19:13:virtual IUartDriver::~IUartDriver()	16	static
../Uart/uart_driver.hpp:17:5:UartDriver::~UartDriver()	16	static
../Uart/uart_driver.hpp:17:5:virtual UartDriver::~UartDriver()	16	static
../Flash/iflash_driver.hpp:10:13:IFlashDriver::~IFlashDriver()	16	static
../Flash/iflash_driver.hpp:10:13:virtual IFlashDriver::~IFlashDriver()	16	static
../Flash/flash_driver.hpp:20:5:FlashDriver::~FlashDriver()	16	static
../Flash/flash_driver.hpp:20:5:virtual FlashDriver::~FlashDriver()	16	static
../App/app_main.cpp:316:1:void __static_initialization_and_destruction_1()	8	static
../App/app_main.cpp:316:1:cpp)	8	static
../App/app_main.cpp:316:1:cpp)	8	static
